tiles/textures/mix/basecolor_terrain.png
tiles/textures/mix/mixcolor_terrain.png
editor/textures/engine/waternormal.png
editor/textures/engine/waterreflection.dds
editor/weather/ramp_water.tga
editor/weather/ramp_water_bottom.tga
editor/textures/engine/waterrefraction.tga
characters/monster/sk_xxsqingwa_02/textures/t_guagua.tga
maps/dengshen/scene/default/weightmap.png
editor/textures/engine/default_mix_n.tga
editor/textures/enginematerials/t_default_grid.tga
editor/textures/engine/default_white.png
deco/dungeon/plant/sm_dg_guanmu_05_03/textures/t_dg_xiaozhiwu_04_01_m.tga
deco/dungeon/plant/sm_dg_guanmu_05_03/textures/t_dg_guanmu_05_03_ao.tga
deco/dungeon/plant/sm_dg_guanmu_02_01/textures/t_dg_xiaozhiwu_01_01_m.tga
deco/dungeon/plant/sm_dg_guanmu_01_02/textures/t_dg_guanmu_01_02_ao.tga
deco/dungeon/plant/sm_dg_guanmu_05_04/textures/t_dg_guanmu_05_04_ao.tga
deco/dungeon/plant/sm_dg_guanmu_05_07/textures/t_dg_guanmu_05_07_ao.tga
deco/chinoiserie/sm_ch_littlestone_a/textures/t_ch_littlestone_a.tga
deco/chinoiserie/sm_ch_littlestone_a/textures/t_ch_littlestone_mix.tga
editor/textures/materiallibrary/t_rock_a_mix.tga
deco/chinoiserie/sm_ch_littlestone_e/textures/t_ch_littlestone_e_ao.tga
deco/chinoiserie/sm_ch_littlestone_c/textures/t_ch_littlestone_c_ao.tga
deco/dungeon/plant/sm_dg_guanmu_02_01/textures/t_dg_guanmu_02_01_ao.tga
deco/chinoiserie/sm_ch_littlestone_d/textures/t_ch_littlestone_d_ao.tga
deco/dungeon/plant/sm_dg_xiaozhiwu_06_01/textures/t_dg_xiaozhiwu_06_01_d.tga
deco/dungeon/plant/sm_dg_xiaozhiwu_06_01/textures/t_dg_xiaozhiwu_06_01_m.tga
deco/dungeon/plant/sm_dg_xiaozhiwu_06_01/textures/t_dg_xiaozhiwu_06_01_ao.tga
deco/dungeon/plant/sm_dg_xiaozhiwu_06_03/textures/t_dg_xiaozhiwu_06_03_ao.tga
deco/rainforest/sm_wudumilin_pashanhu_01_01/textures/t_wudumilin_pashanhu_01_01_d.tga
deco/rainforest/sm_wudumilin_pashanhu_01_01/textures/t_wudumilin_pashanhu_01_01_m.tga
deco/rainforest/sm_wudumilin_pashanhu_03_01/textures/t_wudumilin_pashanhu_03_01_ao.tga
deco/rainforest/sm_wudumilin_pashanhu_05_01/textures/t_wudumilin_pashanhu_05_01_ao.tga
deco/dungeon/plant/sm_dg_xiaozhiwu_06_02/textures/t_dg_xiaozhiwu_06_02_ao.tga
deco/rainforest/sm_wudumilin_pashanhu_01_01/textures/t_wudumilin_pashanhu_01_01_ao.tga
deco/rainforest/sm_wudumilin_pashanhu_02_01/textures/t_wudumilin_pashanhu_02_01_ao.tga
deco/dungeon/plant/sm_dg_xiaozhiwu_06_04/textures/t_dg_xiaozhiwu_06_04_ao.tga
deco/rainforest/sm_wudumilin_xiaozhiwu_06_01/textures/t_wudumilin_xiaozhiwu_06_01_d.tga
deco/rainforest/sm_wudumilin_xiaozhiwu_06_01/textures/t_wudumilin_xiaozhiwu_06_01_m.tga
deco/rainforest/sm_wudumilin_xiaozhiwu_07_01/textures/t_wudumilin_xiaozhiwu_07_01_ao.tga
texture/effect/t_old/tex_glow.png
texture/effect/t_old/orientparticle_2.png
texture/effect/t_old/t_lazhu.png
deco/rainforest/sm_wudumilin_mogu_01_01/textures/t_wudumilin_mogu_01_01_d.tga
deco/rainforest/sm_wudumilin_mogu_01_01/textures/t_wudumilin_mogu_01_01_m.tga
deco/rainforest/sm_wudumilin_mogu_04_01/textures/t_wudumilin_mogu_04_01_ao.tga
deco/field/sm_candle_a/textures/t_candle_mix.tga
deco/field/sm_candle_a/textures/t_candle_normal.tga
deco/field/sm_candle_a/textures/t_candle_a_ao.tga
deco/field/sm_candle_b/textures/t_candle_b_ao.tga
deco/field/sm_candle_f/textures/t_candle_f_ao.tga
deco/rainforest/sm_wudumilin_pashanhu_04_01/textures/t_wudumilin_pashanhu_04_01_ao.tga
deco/dungeon/plant/sm_dg_guanmu_05_08/textures/t_dg_guanmu_05_08_ao.tga
deco/chinoiserie/sm_ch_littlestone_a/textures/t_ch_littlestone_a_ao.tga
deco/rainforest/sm_wudumilin_mogu_02_01/textures/t_wudumilin_mogu_02_01_ao.tga
texture/effect/t_old/temptexture0_15.png
texture/effect/t_old/5cc71697-9312-40f1-9c01-f2719b295c0f.png
texture/effect/t_old/fx_c_fire_013_cl.png
texture/effect/t_old/fx_a_cloud_1.png
deco/dungeon/sm_huopen_a/textures/t_huopen_mix.tga
deco/dungeon/sm_huopen_a/textures/t_huopen_mask.png
deco/dungeon/sm_huopen_a/textures/t_huopen_a_ao.tga
deco/rainforest/sm_wudumilin_mogu_03_01/textures/t_wudumilin_mogu_03_01_ao.tga
deco/chinoiserie/sm_ch_littlestone_b/textures/t_ch_littlestone_b_ao.tga
deco/common/sm_beifangshandi_songshu_01_01/textures/t_beifangshandi_songshu_01_01_m.tga
deco/common/sm_beifangshandi_songshu_01_01/textures/t_beifangshandi_songshu_01_01_ao.tga
deco/common/sm_beifangshandi_songshu_01_01/textures/t_beifangshandi_songshu_03_01_d.tga
deco/common/sm_beifangshandi_songshu_01_01/textures/t_beifangshandi_songshu_03_01_m.tga
deco/common/sm_beifangshandi_songshu_02_01/textures/t_beifangshandi_songshu_02_01_ao.tga
deco/dungeon/plant/sm_dg_songshu_02_01/textures/t_dg_songshu_01_01_m.tga
deco/dungeon/plant/sm_dg_songshu_02_01/textures/t_dg_songshu_03_01_d.tga
deco/dungeon/plant/sm_dg_songshu_02_01/textures/t_dg_songshu_03_01_m.tga
deco/rainforest/sm_wudumilin_yezishu_02_01/textures/t_wudumilin_yezishu_02_02_d.tga
deco/rainforest/sm_wudumilin_yezishu_02_01/textures/t_wudumilin_yezishu_02_01_m.tga
deco/rainforest/sm_wudumilin_yezishu_01_01/textures/t_wudumilin_yezishu_01_06_d.tga
deco/rainforest/sm_wudumilin_yezishu_01_01/textures/t_wudumilin_yezishu_01_02_m.tga
deco/rainforest/sm_wudumilin_yezishu_01_01/textures/t_wudumilin_yezishu_01_01_d.tga
deco/rainforest/sm_wudumilin_yezishu_01_01/textures/t_wudumilin_yezishu_01_01_m.tga
deco/rainforest/sm_wudumilin_yezishu_01_01/textures/t_wudumilin_yezishu_01_02_d.tga
deco/rainforest/sm_wudumilin_shu_01_01/textures/t_wudumilin_shu_01_01_d.tga
deco/rainforest/sm_wudumilin_shu_01_01/textures/t_wudumilin_shu_01_01_m.tga
deco/rainforest/sm_wudumilin_shu_01_01/textures/t_wudumilin_shu_01_01_ao.tga
deco/rainforest/sm_wudumilin_shu_01_02/textures/t_wudumilin_shu_01_02_d.tga
deco/rainforest/sm_wudumilin_shu_01_02/textures/t_wudumilin_shu_01_02_m.tga
deco/rainforest/sm_wudumilin_xiaoshitou_01_01/textures/t_wudumilin_xiaoshitou_01_01_d.tga
deco/rainforest/sm_wudumilin_xiaoshitou_01_01/textures/t_wudumilin_xiaoshitou_01_01_m.tga
deco/rainforest/sm_wudumilin_xiaoshitou_01_01/textures/t_wudumilin_xiaoshitou_01_01_ao.tga
deco/common/sm_beifangshandi_xiaozhiwu_01_01/textures/t_beifangshandi_xiaozhiwu_01_01_m.tga
deco/common/sm_beifangshandi_xiaozhiwu_03_01/textures/t_beifangshandi_xiaozhiwu_03_01_ao.tga
deco/common/sm_beifangshandi_xiaozhiwu_03_02/textures/t_beifangshandi_xiaozhiwu_03_02_ao.tga
deco/rainforest/sm_wudumilin_xiaozhiwu_06_01/textures/t_wudumilin_xiaozhiwu_06_01_ao.tga
deco/dungeon/plant/sm_dg_guanmu_01_03/textures/t_dg_guanmu_01_01_m.tga
deco/dungeon/plant/sm_dg_guanmu_02_03/textures/t_dg_guanmu_02_03_ao.tga
deco/dungeon/plant/sm_dg_guanmu_02_02/textures/t_dg_guanmu_02_02_ao.tga
deco/decal/common_decal_rutted_a/textures/decal_rutted_a_b.tga
deco/decal/common_decal_rutted_a/textures/decal_rutted_a_m.tga
deco/lp/sm_prop_market_checkout_shelf_large_01/textures/t_polygonshops_texture_01_a_b.tga
deco/decal/decal_dg_grass_a01/textures/t_dg_decalgrass_a_basecolor.tga
deco/decal/decal_dg_grass_a01/textures/t_dg_decalgrass_a_m.tga
deco/zhuangshiwu/plants_22a/textures/grass_flowers1.tga
editor/textures/engine/default_mix03.png
deco/rainforest/sm_wudumilin_hua_04_02/textures/t_wudumilin_hua_04_02_d.tga
deco/rainforest/sm_wudumilin_hua_04_02/textures/t_wudumilin_hua_04_02_m.tga
deco/rainforest/sm_wudumilin_hua_04_02/textures/t_wudumilin_hua_04_02_ao.tga
deco/rainforest/sm_wudumilin_pingzicao_01_01/textures/t_wudumilin_pingzicao_01_01_d.tga
deco/rainforest/sm_wudumilin_pingzicao_01_01/textures/t_wudumilin_pingzicao_01_01_m.tga
deco/rainforest/sm_wudumilin_pingzicao_01_01/textures/t_wudumilin_pingzicao_01_01_ao.tga
deco/rainforest/sm_wudumilin_pingzicao_02_01/textures/t_wudumilin_pingzicao_02_01_ao.tga
deco/rainforest/sm_wudumilin_pingzicao_05_01/textures/t_wudumilin_pingzicao_05_01_ao.tga
deco/lp/sm_lp_airvent_01/textures/t_polygonoffice_texture_01_a_b.tga
deco/field/grassandflower/sm_field_flower_a/textures/t_flower_mix.tga
deco/field/grassandflower/sm_fieldgrass_a/textures/t_water_n.tga
deco/field/grassandflower/sm_flower_a01/textures/t_flower_a01_ao.tga
deco/rainforest/sm_wudumilin_hua_01_01/textures/t_wudumilin_hua_01_01_d.tga
editor/textures/engine/default_mix_r1m0.tga
deco/rainforest/sm_wudumilin_hua_03_01/textures/t_wudumilin_hua_03_01_ao.tga
deco/rainforest/sm_wudumilin_hua_02_01/textures/t_wudumilin_hua_02_01_ao.tga
deco/field/grassandflower/sm_field_flower_b/textures/t_field_flower_b_ao.tga
deco/field/grassandflower/sm_field_flower_a/textures/t_field_flower_a_ao.tga
deco/field/grassandflower/sm_field_flower_c/textures/t_field_flower_c_ao.tga
deco/stylized_landscape/sm_flower_b/textures/t_plants_basecolor.tga
deco/stylized_landscape/sm_flower_b/textures/t_paint_mix.tga
deco/stylized_landscape/sm_flower_b/textures/t_flower_b_ao.tga
deco/stylized_landscape/sm_flower_c/textures/t_flower_c_ao.tga
deco/rainforest/sm_wudumilin_kumuposui_02_01/textures/t_wudumilin_kumu_02_01_d.tga
deco/rainforest/sm_wudumilin_kumuposui_02_01/textures/t_wudumilin_kumu_02_01_m.tga
deco/rainforest/sm_wudumilin_kumuposui_02_01/textures/t_wudumilin_kumuposui_02_01_ao.tga
deco/ds/sm_ds_woodencontainer_a/textures/t_ds_woodencontainer_a_b.tga
deco/ds/sm_ds_woodencontainer_a/textures/t_ds_woodencontainer_a_mix.tga
deco/chinoiserie/sm_tilewood_a02/textures/t_cf_tilewood_a_b.tga
deco/chinoiserie/sm_tilewood_a02/textures/t_cf_tilewood_a_m.tga
deco/ds/sm_ds_palisadespike_a/textures/t_ds_palisadespike_a_b.tga
deco/ds/sm_ds_palisadespike_a/textures/t_ds_palisadespike_a_mix.tga
deco/ds/sm_ds_palisadespike_c/textures/t_ds_palisadespike_c_b.tga
deco/ds/sm_ds_palisadespike_c/textures/t_ds_palisadespike_c_mix.tga
deco/ds/sm_ds_palisadespike_b/textures/t_ds_palisadespike_b_b.tga
deco/ds/sm_ds_palisadespike_b/textures/t_ds_palisadespike_b_mix.tga
deco/chinoiserie/sm_wood_cart/textures/t_rope_basecolor.tga
deco/chinoiserie/sm_wood_cart/textures/t_rope_normal.tga
editor/textures/enginematerials/t_default_m.tga
editor/textures/materiallibrary/t_defaultbase.png
deco/ds/sm_ds_palisadespike_d/textures/t_ds_palisadespike_d_b.tga
deco/ds/sm_ds_palisadespike_d/textures/t_ds_palisadespike_d_mix.tga
deco/ds/sm_ds_haypile_a02/textures/t_ds_haypile_a02_b.tga
deco/ds/sm_ds_haypile_a02/textures/t_ds_haypile_a02_mix.tga
deco/ds/sm_ds_bricks_01/textures/t_ndg_mud_a_b.tga
deco/ndg/sm_ndg_bricks_08/textures/t_ndg_mud_a_m.tga
deco/ds/plant/sm_ds_grass_a/textures/ucokaamia_4k_albedo 拷贝.tga
deco/ds/plant/sm_ds_grass_a/textures/ucokaamia_4k_normal 拷贝.tga
deco/ds/sm_ds_bricks_01/textures/t_posun_b.tga
deco/ndg/sm_ndg_bricks_01/textures/t_posun_m.tga
deco/ndg/sm_ndg_bricks_01/textures/t_posun_ao.tga
deco/ts/sm_ts_container_c/textures/t_ts_container_c_b.tga
deco/ts/sm_ts_container_a/textures/t_ts_container_a_m.tga
deco/ts/sm_ts_container_f/textures/t_ts_container_e_f.tga
deco/ts/sm_ts_container_e/textures/t_ts_container_e_b.tga
deco/field/sm_box_02/textures/t_barrel_box_b.tga
deco/chinoiserie/sm_ch_barrel_01/textures/t_barrel_box_mix.tga
deco/chinoiserie/sm_ch_box_01/textures/t_ch_box_01_ao.tga
deco/ts/sm_ts_container_d/textures/t_ts_container_d_b.tga
texture/effect/xujian/object/t_fx_object_001.png
texture/effect/xujian/smoke/tex_fx_smoke_004.png
texture/effect/xujian/fire/tex_fx_fire_008.png
deco/ds/sm_ds_haypile_a03/textures/t_ds_haypile_a03_b.tga
deco/ds/sm_ds_haypile_a03/textures/t_ds_haypile_a03_mix.tga
deco/ds/sm_ds_woodenchest_a/textures/t_ds_woodenchest_a_b.tga
deco/ds/sm_ds_woodenchest_a/textures/t_ds_woodenchest_a_mix.tga
deco/ds/sm_ds_woodencarts_a/textures/t_ds_woodencarts_a_b.tga
deco/ds/sm_ds_woodencarts_a/textures/t_ds_woodencarts_a_mix.tga
deco/ds/sm_ds_roundhaybale_a/textures/t_ds_roundhaybale_a_b.tga
deco/ds/sm_ds_roundhaybale_a/textures/t_ds_roundhaybale_a_mix.tga
deco/ds/sm_ds_haypile_a/textures/t_ds_haypile_a_b.tga
deco/ds/sm_ds_haypile_a/textures/t_ds_haypile_a_mix.tga
deco/ds/sm_ds_campfire_b/textures/t_ds_campfire_b_b.tga
deco/ds/sm_ds_campfire_b/textures/t_ds_campfire_b_mix.tga
deco/ds/plant/sm_ds_grass_o01/textures/tlusfbvia_4k_albedo 拷贝.tga
deco/ds/plant/sm_ds_grass_o01/textures/tlusfbvia_4k_normal 拷贝.tga
texture/effect/xujian/glow/tex_fx_glow_001.png
texture/effect/xujian/object/t_fx_object_067.png
deco/field/sm_candle_c/textures/t_candle_c_ao.tga
deco/chinoiserie/sm_tilewood_a/textures/t_cf_tilewood_b_b.tga
deco/chinoiserie/sm_tilewood_a/textures/t_cf_tilewood_b_m.tga
deco/chinoiserie/sm_ch_ludeng_a/textures/t_ch_ludeng_a_d.tga
deco/chinoiserie/sm_ch_ludeng_a/textures/t_ch_ludeng_a_m.tga
deco/chinoiserie/sm_ch_ludeng_a/textures/t_ch_ludeng_a_ao.tga
deco/chinoiserie/sm_ch_stones_03/textures/t_ch_stones_03_b.tga
deco/chinoiserie/sm_ch_stones_03/textures/t_ch_stones_03_mix.tga
deco/chinoiserie/sm_ch_stones_03/textures/t_ch_stones_03_ao.tga
deco/rainforest/sm_wudumilin_guanmu_01_01/textures/t_wudumilin_guanmu_01_02_d.tga
deco/rainforest/sm_wudumilin_guanmu_01_01/textures/t_wudumilin_guanmu_01_01_m.tga
deco/common/sm_beifangshandi_shu_04_01/textures/t_beifangshandi_shu_05_02_d.tga
deco/common/sm_beifangshandi_shu_04_01/textures/t_beifangshandi_shu_05_02_m.tga
editor/textures/materiallibrary/t_rock_a_b.tga
deco/ds/sm_ds_skeleton_a/textures/t_ndg_skulls_a_b.tga
deco/ndg/sm_ndg_skeleton_a/textures/t_ndg_skulls_a_m.tga
deco/ds/sm_ds_skeleton_g/textures/t_skeleton_b.tga
deco/ndg/sm_ndg_skeleton_a01/textures/t_skeleton_m.tga
deco/ndg/sm_ndg_skeleton_a01/textures/t_skeleton_ao.tga
deco/ds/sm_ds_bone_01/textures/bones_d.tga
deco/ds/sm_ds_bone_01/textures/bones_mix.tga
deco/ds/sm_ds_skeleton_d/textures/t_ndg_skulls_b_b.tga
deco/ndg/sm_ndg_skeleton_d/textures/t_ndg_skulls_b_m.tga
texture/effect/xujian/fire/tex_fx_fire_030.png
deco/ds/sm_ds_brazier_c/textures/t_ndg_chains_b.tga
deco/ndg/sm_ndg_chains_a/textures/t_ndg_chains_m.tga
texture/effect/dj/object/t_fx_shuye_001_dj.png
deco/chinoiserie/plant/sm_ch_tree_a01/textures/t_ch_treea_01_Ｍ.tga
deco/chinoiserie/plant/sm_ch_tree_c01/textures/t_ch_tree_c01_ao.tga
deco/chinoiserie/plant/sm_songshu_a/textures/t_pinetree_d.tga
deco/chinoiserie/plant/sm_songshu_a/textures/t_pinetree_m.tga
deco/common/sm_beifangshandi_shugen_01_01/textures/t_beifangshandi_shugen_01_01_d.tga
deco/common/sm_beifangshandi_shugen_01_01/textures/t_beifangshandi_shugen_01_01_m.tga
deco/common/sm_beifangshandi_shugen_02_01/textures/t_beifangshandi_shugen_02_01_ao.tga
deco/chinoiserie/sm_ch_shuijin_a/textures/t_ch_shuijin_a_d.tga
deco/chinoiserie/sm_ch_shuijin_a/textures/t_ch_shuijin_a_m.tga
deco/chinoiserie/sm_ch_shuijin_a/textures/sm_ch_shuijin_a2uao.tga
deco/chinoiserie/sm_ch_barrel_01/textures/t_barrel_box_basecolor.tga
deco/chinoiserie/sm_ch_barrel_01/textures/t_ch_barrel_01_ao.tga
deco/common/sm_beifangshandi_guanmu_01_01/textures/t_beifangshandi_guanmu_01_01_m.tga
deco/common/sm_beifangshandi_guanmu_02_01/textures/t_beifangshandi_guanmu_02_01_ao.tga
texture/effect/t_old/t_fire_9.png
texture/effect/t_old/t_fire_10.png
deco/handpaintedvol2_campsite/sm_tent_03/textures/t_tent_03_c.tga
deco/handpaintedvol2_campsite/sm_tent_03/textures/t_tent_03_mix.tga
deco/handpaintedvol2_campsite/sm_campsite_firewood_02_base/textures/t_firewood_01_base_c.tga
deco/handpaintedvol2_campsite/sm_campsite_firewood_02_base/textures/t_firewood_01_base_mix.tga
deco/handpaintedvol2_campsite/sm_campfire_rocks/textures/t_campfire_rocks_c.tga
deco/handpaintedvol2_campsite/sm_campfire_rocks/textures/t_campfire_rocks_mix.tga
deco/handpaintedvol2_campsite/sm_backpack_02_base/textures/t_backpack_02_base_c.tga
deco/handpaintedvol2_campsite/sm_backpack_02_base/textures/t_backpack_02_base_mix.tga
deco/handpaintedvol2_campsite/sm_stick_01/textures/t_sticks_combined_c.tga
deco/handpaintedvol2_campsite/sm_stick_01/textures/t_sticks_combined_mix.tga
deco/handpaintedvol2_campsite/sm_roastchicken_01/textures/t_roast_combined_c.tga
deco/handpaintedvol2_campsite/sm_roastchicken_01/textures/t_roast_combined_mix.tga
deco/handpaintedvol2_campsite/sm_pan_01/textures/t_pots_combined_c.tga
deco/handpaintedvol2_campsite/sm_pan_01/textures/t_pots_combined_mix.tga
deco/handpaintedvol2_campsite/sm_jar_01/textures/t_jar_01_blue_c.tga
deco/handpaintedvol2_campsite/sm_jar_01/textures/t_jar_01_mix.tga
deco/handpaintedvol2_campsite/sm_bench_01/textures/t_bench_01_c.tga
deco/handpaintedvol2_campsite/sm_bench_01/textures/t_bench_01_mix.tga
deco/handpaintedvol2_campsite/sm_sackclosed_01/textures/t_sackclose_01_c.tga
deco/handpaintedvol2_campsite/sm_sackclosed_01/textures/t_sackclose_01_mix.tga
deco/handpaintedvol2_campsite/sm_sleepingbag_04/textures/t_sleepingbag_04_c.tga
deco/handpaintedvol2_campsite/sm_sleepingbag_04/textures/t_sleepingbag_04_mix.tga
deco/handpaintedvol2_campsite/sm_sleepingbag_03/textures/t_sleepingbag_03_c.tga
deco/handpaintedvol2_campsite/sm_sleepingbag_03/textures/t_sleepingbag_03_mix.tga
deco/ds/sm_ds_claypots_j/textures/t_ds_claypots_j_b.tga
deco/ds/sm_ds_claypots_j/textures/t_ds_claypots_j_mix.tga
deco/ds/sm_ds_claypots_l/textures/t_ds_claypots_l_b.tga
deco/ds/sm_ds_claypots_j/textures/t_ds_claypots_j_mix02.tga
deco/ds/sm_ds_claypots_j/textures/t_ds_claypots_j_b02.tga
deco/ds/sm_ds_claypots_k/textures/t_ds_claypots_k_b.tga
deco/ds/sm_ds_jutejug_a/textures/t_ds_jutejug_a_b.tga
deco/ds/sm_ds_jutejug_a/textures/t_ds_jutejug_a_mix.tga
deco/ds/sm_ds_woodenwheelbarrow_a/textures/t_ds_woodenwheelbarrow_a_b.tga
deco/ds/sm_ds_woodenwheelbarrow_a/textures/t_ds_woodenwheelbarrow_a_mix.tga
deco/ds/sm_ds_cordage_c/textures/t_ds_cordage_c_b.tga
deco/ds/sm_ds_cordage_c/textures/t_ds_cordage_c_mix.tga
deco/ndg/sm_ndg_bricks_08/textures/t_ndg_mud_a_b.tga
deco/ndg/sm_ndg_bricks_01/textures/t_posun_b.tga
deco/chinoiserie/sm_ch_stone_06/textures/t_ch_stone_06_d.tga
deco/chinoiserie/sm_ch_stone_06/textures/t_ch_stone_06_m.tga
deco/chinoiserie/sm_ch_stone_06/textures/t_ch_stone_06_ao.tga
deco/tiles/me_basemesh_chinoiserie/decal/wall_jrny_radiant_256_str_1/textures/t_ch_wuding_a_d.tga
deco/tiles/me_basemesh_chinoiserie/decal/wall_jrny_radiant_256_str_1/textures/t_ch_wuding_a_m.tga
deco/chinoiserie/sm_dh_diaolou_a/textures/t_dh_diaolou_a_d.tga
deco/chinoiserie/sm_dh_diaolou_a/textures/t_dh_diaolou_a_m.tga
deco/chinoiserie/sm_dh_diaolou_a/textures/t_dh_diaolou_a_m_2_b.tga
deco/chinoiserie/sm_dh_diaolou_a/textures/t_dh_diaolou_a_m_2.tga
editor/textures/materiallibrary/t_wood_d_m.tga
deco/ndg/sm_ndg_chains_a/textures/t_ndg_chains_b.tga
editor/textures/materiallibrary/t_metal_b_mix.tga
deco/ds/plant/sm_ds_tree_d/textures/tjswbbdfa_8k_albedo_lod5 拷贝.tga
deco/ds/plant/sm_ds_tree_d/textures/tjswbbdfa_8k_normal_lod5 拷贝.tga
deco/ds/plant/sm_ds_tree_f/textures/aset_wood_branch_s_pbci2_8k_albedo_lod5 拷贝.tga
deco/ds/plant/sm_ds_tree_f/textures/aset_wood_branch_s_pbci2_8k_normal_lod5.tga
deco/ds/sm_ds_stone_o/textures/t_ds_stone_o_b.tga
deco/ds/sm_ds_stone_o/textures/t_ds_stone_o_mix.tga
deco/ds/plant/sm_ds_tree_e/textures/ti3mdirda_8k_albedo_lod5 拷贝.tga
deco/ds/plant/sm_ds_tree_e/textures/ti3mdirda_8k_normal_lod5 拷贝.tga
deco/ds/plant/sm_ds_grass_m01/textures/slwmrsp_4k_albedo 拷贝.tga
deco/ds/plant/sm_ds_grass_m01/textures/slwmrsp_4k_normal 拷贝.tga
texture/effect/t_old/temptexture2_2.png
deco/chinoiserie/sm_ch_stone_lantern_a/textures/t_stone_lantern_basecolor.tga
deco/chinoiserie/sm_ch_stone_lantern_a/textures/t_stone_lantern_normal.tga
deco/chinoiserie/sm_ch_stone_lantern_c/textures/t_ch_stone_lantern_c_ao.tga
deco/field/sm_streetlight_a/textures/t_streetlight_a_basecolor.tga
deco/field/sm_streetlight_a/textures/t_streetlight_a_mix.tga
deco/field/sm_streetlight_a/textures/t_streetlight_a_ao.tga
deco/rainforest/sm_wudumilin_guanmu_01_01/textures/t_wudumilin_guanmu_01_01_d.tga
deco/rainforest/sm_wudumilin_guanmu_01_02/textures/t_wudumilin_guanmu_01_02_ao.tga
deco/field/sm_mutong/textures/t_mutong_basecolor.tga
deco/field/sm_mutong/textures/t_mutong_mix.tga
deco/field/sm_mutong/textures/t_mutong_ao.tga
texture/effect/xujian/object/t_fx_object_066.png
texture/effect/t_old/t_guangyun.png
editor/textures/materiallibrary/t_defaultmix.png
deco/ds/sm_rock_01/textures/t_rocks_01_b.tga
deco/ds/sm_rock_01/textures/t_rocks_01_mix.tga
deco/decal/decal_ds_m05/textures/t_ds_decal_m05_b.tga
deco/decal/decal_ds_m05/textures/t_ds_decal_m05_m.tga
deco/decal/decal_ds_m02/textures/t_ds_decal_m02_b.tga
deco/decal/decal_ds_m02/textures/t_ds_decal_m02_m.tga
deco/decal/decal_ds_m03/textures/t_ds_decal_m03_b.tga
deco/decal/decal_ds_m03/textures/t_ds_decal_m03_m.tga
deco/decal/common_decal_stonerutted_a/textures/decal_stonerutted_a_b.tga
cube/day/daydiffusehdr.dds
cube/day/dayspecularhdr.dds
cube/day/daywaterreflection.dds
editor/textures/engine/vignetting.png
cube/day/dayspecularhdr_qualitylow.dds
cube/day/dayspecularhdr_qualityhigh.dds
maps/dengshen/scene/副本场景1/weightmap.png
deco/tiles/me_basemesh_chinoiserie/cracks/sm_ch_xuanya_a/textures/t_ch_xuanya_a_b.tga
deco/tiles/me_basemesh_chinoiserie/cracks/sm_ch_xuanya_a/textures/t_ch_xuanya_a_mix.tga
deco/tiles/me_basemesh_dg/cracks/sm_xuanya_a/textures/t_xuanya_a002_02_b.tga
deco/tiles/me_basemesh_dg/cracks/sm_xuanya_a/textures/t_xuanya_a002_02_m.tga
deco/tiles/me_basemesh_dg/cracks/sm_xuanya_a/textures/t_xuanya_a002_01_b.tga
deco/tiles/me_basemesh_dg/cracks/sm_xuanya_a/textures/t_xuanya_a002_01_m.tga
deco/tiles/me_basemesh_dg/cracks/sm_xuanya_a/textures/t_xuanya_a002_03_b.tga
deco/tiles/me_basemesh_dg/cracks/sm_xuanya_a/textures/t_xuanya_a002_03_m.tga
deco/dungeon/sm_jinbi_c/textures/t_waguan_a_mix.tga
editor/textures/materiallibrary/t_ceramic_a_b.tga
editor/textures/materiallibrary/t_ceramic_a_mix.tga
deco/dungeon/sm_waguan_a/textures/t_waguan_a_mask.png
deco/dungeon/sm_waguan_e/textures/t_waguan_e_ao.tga
deco/dungeon/sm_waguan_f/textures/t_waguan_f_ao.tga
deco/dungeon/sm_waguan_c/textures/t_waguan_c_ao.tga
deco/dungeon/sm_waguan_h/textures/t_waguan_h_ao.tga
deco/ds/sm_ds_stone_e/textures/t_ds_stone_e_b.tga
deco/ds/sm_ds_stone_e/textures/t_ds_stone_e_mix.tga
deco/decal/decal_dg_big_f/textures/t_dg_decalbig_f_b.tga
deco/decal/decal_dg_big_f/textures/t_dg_decalbig_f_mix.tga
deco/ds/sm_ds_fushou_12/textures/t_dg_stairs_str_256_11_b.tga
deco/tiles/me_basemesh_dg/decal/sm_dg_fushou_11/textures/t_dg_stairs_str_256_11_m.tga
deco/ds/damaged_arch_alley_03/textures/t_dg_zhuzi_10_01_b.tga
deco/ds/damaged_arch_alley_03/textures/t_dg_zhuzi_10_01_m.tga
deco/ds/damaged_railing_01/textures/t_ndg_fushou_a_b.tga
deco/ndg/sm_ndg_fushou_a/textures/t_ndg_fushou_a_m.tga
deco/ds/damaged_arch_alley_03/textures/t_xuanya_a002_01_b.tga
deco/ds/damaged_arch_alley_03/textures/t_xuanya_a002_01_m.tga
deco/ds/damaged_arch_alley_03/textures/t_dg_wall_b.tga
deco/ds/damaged_arch_alley_03/textures/t_dg_wall_m.tga
deco/ds/damaged_arch_alley_03/textures/t_posun_b.tga
deco/ds/damaged_arch_alley_03/textures/t_posun_m.tga
deco/ds/damaged_arch_alley_03/textures/t_xuanya_a002_02_b.tga
deco/ds/damaged_arch_alley_03/textures/t_xuanya_a002_02_m.tga
deco/stylized_landscape/sm_building_platform/textures/t_ruins_04_mix.tga
deco/stylized_landscape/sm_ruins_27/textures/t_ruins_27_ao.tga
deco/ds/damaged_arch_alley_03/textures/t_xuanya_a002_03_b.tga
deco/ds/damaged_arch_alley_03/textures/t_xuanya_a002_03_m.tga
editor/textures/materiallibrary/t_brick_01_basecolor.tga
editor/textures/materiallibrary/t_brick_01_normal.tga
deco/building/arch_01/textures/atlas_base_01_mix.tga
deco/building/stair_thin_01/textures/t_stair_thin_01_ao.tga
deco/lp/sm_lp_floor_carpet_01_3/textures/000000009cc8.tga
deco/building/sm_bangladesh_demon_01/textures/bangladesh_demon_normal.tga
deco/chinoiserie/sm_ch_wall_d/textures/t_ch_wall_d_b.tga
deco/chinoiserie/sm_ch_wall_d/textures/t_ch_wall_d_mix.tga
deco/chinoiserie/sm_ch_statue_h/textures/t_ch_statue_h_b.tga
deco/chinoiserie/sm_ch_statue_h/textures/t_ch_statue_h_mix.tga
deco/statue/sm_gd_statue_a/textures/t_gd_statue_a_b.tga
deco/statue/sm_gd_statue_a/textures/t_gd_statue_a_mix.tga
deco/statue/sm_gd_statue_a/textures/t_gd_statue_a_b02.tga
deco/statue/sm_gd_statue_a/textures/t_gd_statue_a_mix02.tga
deco/statue/sm_gd_statue_a/textures/t_gd_statue_a_b03.tga
deco/statue/sm_gd_statue_a/textures/t_gd_statue_a_mix03.tga
deco/stylized_landscape/sm_ruins_26/textures/t_ruins_26_ao.tga
deco/stylized_landscape/sm_ruins_29/textures/t_ruins_10_mix.tga
deco/stylized_landscape/sm_ruins_31/textures/t_ruins_31_ao.tga
deco/dungeon/sm_zhuzi_a/textures/t_zhuzi_mix.tga
deco/dungeon/sm_zhuzi_a/textures/t_zhuzi_mask.png
deco/dungeon/sm_zhuzi_h/textures/t_zhuzi_h_ao.tga
deco/decal/decal_gf_e/textures/t_gf_decal_e_b.tga
deco/decal/decal_gf_e/textures/t_gf_decal_e_m.tga
editor/textures/materiallibrary/t_stone_surface_basecolor.tga
editor/textures/materiallibrary/t_stone_surface_normal.tga
deco/building/sm_fortress_tower_01/textures/t_fortress_tower_01_ao.tga
deco/building/sm_block_01/textures/t_building_02_normal.tga
editor/textures/materiallibrary/t_concrete_basecolor.tga
editor/textures/materiallibrary/t_concrete_normal.tga
editor/textures/materiallibrary/t_brick_04_basecolor.tga
editor/textures/materiallibrary/t_brick_04_normal.tga
deco/ndg/sm_ndg_statue_lhfs_a/textures/t_ndg_statue_lhfs_a_mix.tga
deco/decal/decal_dg_big_e/textures/t_dg_decalbig_e_basecolor.tga
deco/decal/decal_dg_big_e/textures/t_dg_decalbig_e_mix.tga
deco/ds/plant/sm_ds_grass_s/textures/tc0owlh_4k_albedo 拷贝.tga
deco/ds/plant/sm_ds_grass_s/textures/tc0owlh_4k_normal 拷贝.tga
deco/ds/plant/sm_ds_grass_s02/textures/tc0olfh_4k_albedo 拷贝.tga
deco/ds/plant/sm_ds_grass_s02/textures/tc0olfh_4k_normal 拷贝.tga
deco/chinoiserie/sm_ch_stones_04/textures/t_ch_stones_04_ao.tga
deco/chinoiserie/sm_ch_stones_05/textures/t_ch_stones_05_ao.tga
deco/common/sm_beifangshandi_shitou_08_01/textures/t_beifangshandi_shitou_08_01_m.tga
deco/common/sm_beifangshandi_shitou_13_01/textures/t_beifangshandi_shitou_13_01_ao.tga
deco/decal/decal_dg_medium_a/textures/t_dg_decal_basecolor.tga
deco/decal/decal_dg_medium_a/textures/t_dg_decal_m.tga
deco/ds/sm_ds_stone_f/textures/t_ds_stone_f_b.tga
deco/ds/sm_ds_stone_f/textures/t_ds_stone_f_mix.tga
deco/ds/sm_ds_stone_g/textures/t_ds_stone_g_b.tga
deco/ds/sm_ds_stone_g/textures/t_ds_stone_g_mix.tga
deco/ds/sm_ds_stone_h/textures/vgjifeamw_4k_albedo_lod5 拷贝.tga
deco/ds/sm_ds_stone_h/textures/vgjifeamw_4k_normal_lod5 拷贝.tga
deco/ds/sm_ds_stone_i/textures/t_ds_stone_i_b.tga
deco/ds/sm_ds_stone_i/textures/t_ds_stone_i_mix.tga
deco/ds/sm_ds_cordage_b/textures/t_ds_cordage_b_b.tga
deco/ds/sm_ds_cordage_b/textures/t_ds_cordage_b_mix.tga
deco/dungeon/sm_waguan_g/textures/t_waguan_g_ao.tga
deco/ds/plant/sm_ds_tree_b/textures/t_ds_tree_b_b02.tga
deco/ds/plant/sm_ds_tree_b/textures/t_ds_tree_b_mix02.tga
deco/ds/plant/sm_ds_tree_b/textures/t_ds_tree_b_b01.tga
deco/ds/plant/sm_ds_tree_b/textures/t_ds_tree_b_mix01.tga
deco/ds/sm_ds_claypots_a/textures/t_ds_claypots_a_b.tga
deco/ds/sm_ds_claypots_a/textures/t_ds_claypots_a_mix.tga
deco/ds/sm_ds_claypots_f/textures/t_ds_claypots_f_b.tga
deco/ds/sm_ds_claypots_f/textures/t_ds_claypots_f_mix.tga
deco/prop/sm_torch_01/textures/t_torches_d.tga
deco/prop/sm_torch_01/textures/t_torches_mix.tga
deco/prop/sm_torch_01/textures/t_torch_01_ao.tga
deco/common/sm_beifangshandi_shitou_03_01/textures/t_beifangshandi_shitou_03_01_m.tga
deco/prop/spiderweb04/textures/t_spiderweb_1.tga
editor/textures/engine/default_mix.png
deco/prop/spiderweb01/textures/t_spiderweb_5.tga
deco/stylized_landscape/sm_ruins_28/textures/t_ruins_28_ao.tga
deco/dungeon/sm_zhuzi_a/textures/t_zhuzi_a_ao.tga
deco/ds/sm_ds_stone_b/textures/t_ds_stone_b_b.tga
deco/ds/sm_ds_stone_b/textures/t_ds_stone_b_mix.tga
deco/ds/sm_skull_01/textures/t_skulls_01_b.tga
deco/ds/sm_skull_01/textures/t_skulls_01_mix.tga
deco/stylized_landscape/sm_building_02/textures/t_ruins_06_basecolor2.tga
deco/stylized_landscape/sm_building_02/textures/t_ruins_06_basecolor_mixl.tga
deco/stylized_landscape/sm_ruins_14/textures/t_ruins_14_ao.tga
deco/building/sm_building_block_08/textures/t_building_01_mix.tga
deco/building/sm_wall_ruined_06/textures/t_wall_ruined_06_ao.tga
deco/ds/sm_ds_crystalsr_c01/textures/t_ds_crystalsr_c01_b.tga
deco/ds/sm_ds_crystalsr_c01/textures/t_ds_crystalsr_c01_mix.tga
deco/dungeon/sm_stonedoor_a/textures/t_rock_a_mix.tga
deco/dungeon/sm_stonedoor_b/textures/t_stonedoor_b_ao.tga
deco/dungeon/sm_stonedoor_c/textures/t_stonedoor_c_ao.tga
deco/stylized_landscape/sm_ruins_23/textures/t_ruins_23_ao.tga
deco/stylized_landscape/sm_ruins_18/textures/t_ruins_08_basecolor2.tga
deco/stylized_landscape/sm_ruins_18/textures/t_ruins_08_mix.tga
deco/stylized_landscape/sm_ruins_23/textures/t_vines_basecolor2.tga
deco/stylized_landscape/sm_building_01/textures/t_ruins_07_basecolor.tga
deco/stylized_landscape/sm_building_01/textures/t_ruins_07_mix.tga
deco/stylized_landscape/sm_ruins_16/textures/t_ruins_16_ao.tga
deco/stylized_landscape/sm_ruins_15/textures/t_ruins_15_ao.tga
deco/lp/sm_lp_floor_carpet_01_8/textures/0000000023bc.tga
deco/decal/decal_ds_v/textures/t_ds_decal_v_b.tga
deco/decal/decal_ds_v/textures/t_ds_decal_v_m.tga
engineres/techniques/notexture.xml
engineres/particle/common/techniques/diffunlitparticlealpha.xml
engineres/particle/common/techniques/diffunlitmeshparticlealpha.xml
engineres/techniques/diffunlit.xml
editor/techniques/pbr_packednormal/tileblendonepackednormal.xml
editor/techniques/pbr_packednormal/tileblendtwopackednormal.xml
editor/techniques/pbr_packednormal/tileblendthreepackednormal.xml
editor/techniques/pbr_packednormal/tileblendninepackednormal.xml
editor/techniques/pbr_packednormal/tilecliffpackednormal.xml
editor/techniques/pbr_packednormal/tilecliff2packednormal.xml
editor/techniques/pbr_packednormal/landscapeblend.xml
editor/techniques/pbr_packednormal/landscapeblendex.xml
editor/techniques/pbr_packednormal/landscapeblenddrawable.xml
editor/techniques/singlelayerwater.xml
editor/techniques/water.xml
editor/techniques/pbr_packednormal/defaultmetallicroughness.xml
editor/techniques/pbr_packednormal/graylevelfive.xml
editor/techniques/pbr_packednormal/grayleveltwo.xml
editor/techniques/pbr_packednormal/staticobject.xml
editor/techniques/lambert/defaultlambert.xml
editor/techniques/pbr_packednormal/defaultmetallicroughnessalpha.xml
editor/techniques/basicvcolunlitalpha.xml
maps/dengshen/atmosphere/模板地图专用.lightgroup
engineres/particle/common/materials/alphamaterial.material
engineres/particle/common/materials/alphamesh.material
engineres/particle/common/materials/defaultmesh.material
engineres/particle/common/materials/defaultmeshrgba.material
engineres/particle/common/materials/defaultsprite.material
engineres/particle/common/materials/empty.material
tiles/material/mix/tileblendone_terrain.material
tiles/material/mix/tileblendtwo_terrain.material
tiles/material/mix/tileblendthree_terrain.material
tiles/material/mix/tileblendnine_terrain.material
tiles/material/mix/tilecliff_terrain.material
tiles/material/mix/tilecliff2_terrain.material
tiles/material/mix/landscapeblend_terrain.material
tiles/material/mix/landscapeblendex_terrain.material
tiles/material/mix/landscapeblenddrawable_terrain.material
editor/materials/engine/singlelayerwater.material
editor/materials/engine/water.material
editor/materials/engine/landscape.material
editor/materials/engine/gridmaterial.material
deco/dungeon/plant/sm_dg_guanmu_05_03/materials/m_dg_guanmu_05_03.material
deco/dungeon/plant/sm_dg_guanmu_01_02/materials/sm_dg_guanmu_01_02.material
deco/dungeon/plant/sm_dg_guanmu_05_04/materials/sm_dg_guanmu_05_04.material
deco/dungeon/plant/sm_dg_guanmu_05_09/materials/sm_dg_guanmu_05_09.material
deco/chinoiserie/sm_ch_littlestone_e/materials/sm_ch_littlestone_e.material
deco/chinoiserie/sm_ch_littlestone_c/materials/sm_ch_littlestone_c.material
deco/dungeon/plant/sm_dg_guanmu_02_01/materials/m_dg_guanmu_02_01_b.material
deco/chinoiserie/sm_ch_littlestone_d/materials/sm_ch_littlestone_d.material
deco/dungeon/plant/sm_dg_xiaozhiwu_06_01/materials/sm_dg_xiaozhiwu_06_01.material
deco/dungeon/plant/sm_dg_xiaozhiwu_06_03/materials/sm_dg_xiaozhiwu_06_03.material
deco/rainforest/sm_wudumilin_pashanhu_03_01/materials/sm_wudumilin_pashanhu_03_01.material
deco/rainforest/sm_wudumilin_pashanhu_05_01/materials/sm_wudumilin_pashanhu_05_01.material
deco/dungeon/plant/sm_dg_xiaozhiwu_06_02/materials/sm_dg_xiaozhiwu_06_02.material
deco/rainforest/sm_wudumilin_pashanhu_01_01/materials/m_wudumilin_pashanhu_01_01.material
deco/rainforest/sm_wudumilin_pashanhu_02_01/materials/sm_wudumilin_pashanhu_02_01.material
deco/dungeon/plant/sm_dg_xiaozhiwu_06_04/materials/sm_dg_xiaozhiwu_06_04.material
deco/rainforest/sm_wudumilin_xiaozhiwu_07_01/materials/sm_wudumilin_xiaozhiwu_07_01.material
deco/rainforest/sm_wudumilin_mogu_04_01/materials/sm_wudumilin_mogu_04_01.material
deco/field/sm_candle_a/materials/m_candle_b.material
deco/field/sm_candle_b_r/materials/sm_candle_b_r.material
deco/field/sm_candle_f_r/materials/sm_candle_f_r.material
deco/rainforest/sm_wudumilin_pashanhu_04_01/materials/sm_wudumilin_pashanhu_04_01.material
deco/dungeon/plant/sm_dg_guanmu_05_10/materials/sm_dg_guanmu_05_10.material
deco/chinoiserie/sm_ch_littlestone_a/materials/sm_ch_littlestone_a.material
deco/rainforest/sm_wudumilin_mogu_02_01/materials/sm_wudumilin_mogu_02_01.material
deco/dungeon/sm_huopen_a/materials/m_huopen_a.material
deco/rainforest/sm_wudumilin_mogu_03_01/materials/sm_wudumilin_mogu_03_01.material
deco/field/sm_candle_a/materials/m_candle_a.material
deco/chinoiserie/sm_ch_littlestone_b/materials/sm_ch_littlestone_b.material
deco/common/sm_beifangshandi_songshu_01_01/materials/m_beifangshandi_songshu_01_03.material
deco/common/sm_beifangshandi_songshu_01_01/materials/m_beifangshandisongshu_03_01.material
deco/common/sm_beifangshandi_songshu_02_02/materials/sm_beifangshandi_songshu_02_02_m1.material
deco/common/sm_beifangshandi_songshu_02_02/materials/sm_beifangshandi_songshu_02_02_m2.material
deco/dungeon/plant/sm_dg_songshu_02_01/materials/sm_dg_songshu_02_01.material
deco/dungeon/plant/sm_dg_songshu_04_01/materials/sm_dg_songshu_04_01_m2.material
deco/rainforest/sm_wudumilin_yezishu_02_02/materials/sm_wudumilin_yezishu_02_02_m1.material
deco/rainforest/sm_wudumilin_yezishu_02_02/materials/sm_wudumilin_yezishu_02_02_m2.material
deco/rainforest/sm_wudumilin_yezishu_03_01/materials/sm_wudumilin_yezishu_03_01_m1.material
deco/rainforest/sm_wudumilin_yezishu_03_01/materials/sm_wudumilin_yezishu_03_01_m2.material
deco/rainforest/sm_wudumilin_yezishu_01_01/materials/m_wudumilin_yezishu_01_01.material
deco/rainforest/sm_wudumilin_yezishu_01_01/materials/m_wudumilin_yezishu_01_02.material
deco/dungeon/plant/sm_dg_songshu_04_02/materials/sm_dg_songshu_04_02_m1.material
deco/dungeon/plant/sm_dg_songshu_04_02/materials/sm_dg_songshu_04_02_m2.material
deco/dungeon/plant/sm_dg_songshu_02_01/materials/sm_dg_songshu_02_04.material
deco/rainforest/sm_wudumilin_shu_01_01/materials/m_wudumilin_shu_01_01.material
deco/rainforest/sm_wudumilin_shu_01_02/materials/m_wudumilin_shu_01_02.material
deco/rainforest/sm_wudumilin_xiaoshitou_01_01/materials/m_wudumilin_xiaoshitou_01_01.material
deco/dungeon/plant/sm_dg_guanmu_02_05/materials/sm_dg_guanmu_02_05.material
deco/dungeon/plant/sm_dg_guanmu_02_06/materials/sm_dg_guanmu_02_06.material
deco/rainforest/sm_wudumilin_xiaozhiwu_06_01/materials/m_wudumilin_xiaozhiwu_06_01.material
deco/dungeon/plant/sm_dg_guanmu_02_03/materials/sm_dg_guanmu_02_03.material
deco/dungeon/plant/sm_dg_guanmu_02_02/materials/sm_dg_guanmu_02_02.material
deco/common/sm_beifangshandi_songshu_02_01/materials/sm_beifangshandi_songshu_02_01_m1.material
deco/common/sm_beifangshandi_songshu_02_01/materials/sm_beifangshandi_songshu_02_01_m2.material
deco/common/sm_beifangshandi_songshu_01_01/materials/m_beifangshandi_songshu_01_01.material
deco/common/sm_beifangshandi_songshu_01_01/materials/sm_beifangshandi_songshu_01_01_m2.material
deco/dungeon/plant/sm_dg_songshu_02_01/materials/sm_dg_songshu_02_05.material
deco/dungeon/plant/sm_dg_songshu_02_01/materials/sm_dg_songshu_02_02.material
deco/decal/common_decal_rutted_a/materials/m_common_decal_a.material
deco/lp/sm_prop_market_checkout_shelf_large_01/materials/m_prop_market_checkout_shelf_large_01.material
deco/decal/decal_dg_grass_a01/materials/m_dg_decalgrass_a.material
deco/zhuangshiwu/plants_22a/materials/m_grass_flowers1.material
deco/rainforest/sm_wudumilin_hua_04_02/materials/m_wudumilin_hua_04_02.material
deco/rainforest/sm_wudumilin_pingzicao_01_01/materials/m_wudumilin_pingzicao_01_01.material
deco/rainforest/sm_wudumilin_pingzicao_02_01/materials/sm_wudumilin_pingzicao_02_01.material
deco/rainforest/sm_wudumilin_pingzicao_05_01/materials/sm_wudumilin_pingzicao_05_01.material
deco/lp/sm_lp_airvent_01/materials/m_lp_airvent_01.material
deco/field/grassandflower/sm_flower_a01/materials/sm_flower_a01.material
deco/rainforest/sm_wudumilin_hua_03_01/materials/sm_wudumilin_hua_03_01.material
deco/rainforest/sm_wudumilin_hua_02_01/materials/sm_wudumilin_hua_02_01.material
deco/field/grassandflower/sm_field_flower_b01/materials/sm_field_flower_b01.material
deco/field/grassandflower/sm_field_flower_a/materials/m_field_flower_a.material
deco/field/grassandflower/sm_field_flower_b/materials/m_field_flower_b.material
deco/field/grassandflower/sm_field_flower_c/materials/m_field_flower_c.material
deco/stylized_landscape/sm_flower_b/materials/sm_flower_b.material
deco/stylized_landscape/sm_flower_c/materials/sm_flower_c.material
deco/rainforest/sm_wudumilin_kumuposui_02_01/materials/m_wudumilin_kumuposui_02_01.material
deco/ds/sm_ds_woodencontainer_a/materials/m_ds_woodencontainer_a.material
deco/chinoiserie/sm_tilewood_a02/materials/m_tilewood_a02.material
deco/ds/sm_ds_palisadespike_a/materials/m_ds_palisadespike_a.material
deco/ds/sm_ds_palisadespike_c/materials/m_ds_palisadespike_c.material
deco/ds/sm_ds_palisadespike_b/materials/m_ds_palisadespike_b.material
deco/chinoiserie/sm_ch_rope_03_a/materials/sm_ch_rope_03_a.material
deco/chinoiserie/sm_ch_rope_05_a/materials/sm_ch_rope_05_a.material
deco/ds/sm_ds_palisadespike_d/materials/m_ds_palisadespike_d.material
deco/ds/sm_ds_haypile_a02/materials/m_ds_haypile_a02.material
deco/ds/sm_ds_bricks_01/materials/m_ds_bricks_01.material
deco/ds/plant/sm_ds_grass_a/materials/m_ds_grass_a.material
deco/ds/sm_ds_bricks_01/materials/m_ds_bricks_02.material
deco/ts/sm_ts_container_c/materials/m_ts_container_c.material
deco/ts/sm_ts_container_f/materials/m_ts_container_f.material
deco/ts/sm_ts_container_e/materials/m_ts_container_e.material
deco/field/sm_box_02/materials/sm_box_02.material
deco/ts/sm_ts_container_d/materials/m_ts_container_d.material
deco/ds/sm_ds_haypile_a03/materials/m_ds_haypile_a03.material
deco/ds/sm_ds_woodenchest_a/materials/m_ds_woodenchest_a.material
deco/ds/sm_ds_woodencarts_a/materials/m_ds_woodencarts_a.material
deco/ds/sm_ds_roundhaybale_a/materials/m_ds_roundhaybale_a.material
deco/ds/sm_ds_haypile_a/materials/m_ds_haypile_a.material
deco/ds/sm_ds_campfire_b/materials/m_ds_campfire_b.material
deco/ds/plant/sm_ds_grass_o01/materials/m_ds_grass_o01.material
deco/field/sm_candle_c_r/materials/sm_candle_c_r.material
deco/chinoiserie/sm_tilewood_a/materials/m_tilewood_a.material
deco/chinoiserie/sm_ch_ludeng_a/materials/sm_ch_ludeng_a.material
deco/chinoiserie/sm_ch_stones_03/materials/sm_ch_stones_03.material
deco/chinoiserie/plant/sm_ch_guanmu_01_01/materials/sm_ch_guanmu_01_01.material
deco/chinoiserie/plant/sm_beifangshandi_shu_05_03/materials/sm_beifangshandi_shu_05_03.material
deco/chinoiserie/plant/sm_ch_guanmu_05_03/materials/sm_ch_guanmu_05_03.material
deco/appdemo/sm_app_stones_01/materials/sm_ch_stones_03.material
deco/ds/sm_ds_skeleton_a/materials/m_ds_skeleton_a.material
deco/ds/sm_ds_skeleton_g/materials/m_ds_skeleton_g.material
deco/ds/sm_ds_bone_01/materials/m_ds_bone_01.material
deco/ds/sm_ds_skeleton_d/materials/m_ds_skeleton_d.material
deco/ds/sm_ds_brazier_c/materials/m_ds_brazier_c.material
deco/chinoiserie/plant/sm_ch_tree_c01/materials/sm_ch_tree_c01_m2.material
deco/chinoiserie/plant/sm_ch_tree_c01/materials/sm_ch_tree_c01_m1.material
deco/common/sm_beifangshandi_shugen_02_01/materials/sm_beifangshandi_shugen_02_01.material
deco/chinoiserie/sm_ch_shuijin_a/materials/sm_ch_shuijin_a.material
deco/chinoiserie/sm_ch_barrel_01/materials/sm_ch_barrel_01.material
deco/chinoiserie/sm_ch_box_01/materials/sm_ch_box_01.material
deco/common/sm_beifangshandi_guanmu_02_01/materials/sm_beifangshandi_guanmu_02_01.material
deco/handpaintedvol2_campsite/sm_tent_03/materials/m_tent_03_c.material
deco/handpaintedvol2_campsite/sm_campsite_firewood_02_base/materials/m_firewood_01_base_c.material
deco/handpaintedvol2_campsite/sm_campfire_rocks/materials/m_campfire_rocks_c.material
deco/handpaintedvol2_campsite/sm_backpack_02_base/materials/m_backpack_02_base_c.material
deco/handpaintedvol2_campsite/sm_stick_01/materials/m_sticks_combined_c.material
deco/handpaintedvol2_campsite/sm_roastchicken_01/materials/m_roast_combined_c.material
deco/handpaintedvol2_campsite/sm_pan_01/materials/m_pots_combined_c.material
deco/handpaintedvol2_campsite/sm_jar_01/materials/m_jar_01_blue_c.material
deco/handpaintedvol2_campsite/sm_bench_01/materials/m_bench_01_c.material
deco/handpaintedvol2_campsite/sm_sackclosed_01/materials/m_sackclose_01_c.material
deco/handpaintedvol2_campsite/sm_sleepingbag_04/materials/m_sleepingbag_04_c.material
deco/handpaintedvol2_campsite/sm_sleepingbag_03/materials/m_sleepingbag_03_c.material
deco/ds/sm_ds_claypots_j/materials/m_ds_claypots_j.material
deco/ds/sm_ds_claypots_l/materials/m_ds_claypots_l.material
deco/ds/sm_ds_claypots_j/materials/m_ds_claypots_j01.material
deco/ds/sm_ds_claypots_k/materials/m_ds_claypots_k.material
deco/ds/sm_ds_jutejug_a/materials/m_ds_jutejug_a.material
deco/ds/sm_ds_woodenwheelbarrow_a/materials/m_ds_woodenwheelbarrow_a.material
deco/ds/sm_ds_cordage_c/materials/m_ds_cordage_c.material
deco/ndg/sm_ndg_bricks_08/materials/m_ndg_bricks_08.material
deco/ndg/sm_ndg_bricks_01/materials/m_ndg_bricks_01.material
deco/chinoiserie/sm_ch_stone_06/materials/sm_ch_stone_02.material
deco/tiles/me_basemesh_chinoiserie/decal/wall_jrny_radiant_256_str_1/materials/wall_jrny_radiant_256_str_1.material
deco/chinoiserie/sm_dh_diaolou_a/materials/sm_dh_diaolou_a2.material
deco/chinoiserie/sm_dh_diaolou_a/materials/sm_dh_diaolou_a3.material
deco/ndg/sm_ndg_chains_a/materials/m_ndg_chains_a.material
deco/ds/plant/sm_ds_tree_d/materials/m_ds_tree_d.material
deco/ds/plant/sm_ds_tree_f/materials/m_ds_tree_f.material
deco/ds/sm_ds_stone_o/materials/m_ds_stone_o.material
deco/ds/plant/sm_ds_tree_e/materials/m_ds_tree_e02.material
deco/ds/plant/sm_ds_grass_m01/materials/m_ds_grass_m01.material
deco/chinoiserie/sm_ch_stone_lantern_c/materials/sm_ch_stone_lantern_c.material
deco/field/sm_streetlight_a/materials/m_streetlight_a.material
deco/rainforest/sm_wudumilin_guanmu_01_02/materials/m_wudumilin_guanmu_01_02.material
deco/field/sm_mutong/materials/m_mutong_a.material
deco/ds/sm_ds_portals_a/materials/m_portals_a.material
deco/ds/sm_rock_01/materials/m_rock_01.material
deco/decal/decal_ds_m05/materials/m_decal_ds_m05.material
deco/decal/decal_ds_m02/materials/m_decal_ds_m02.material
deco/decal/decal_ds_m03/materials/m_decal_ds_m03.material
deco/decal/common_decal_stonerutted_a/materials/m_common_decal_stonerutted_a.material
deco/field/grassandflower/sm_grass_02/materials/m_grass_02.material
editor/materials/drag/transparent.material
deco/tiles/me_basemesh_chinoiserie/cracks/sm_ch_xuanya_a/materials/m_ch_xuanya_a.material
deco/tiles/me_basemesh_dg/cracks/sm_xuanya_a/materials/sm_xuanya_a.material
deco/tiles/me_basemesh_dg/cracks/sm_xuanya_a/materials/sm_xuanya_a2.material
deco/tiles/me_basemesh_dg/cracks/sm_xuanya_a/materials/sm_xuanya_a3.material
deco/dungeon/sm_waguan_e/materials/sm_waguan_e.material
deco/dungeon/sm_waguan_f/materials/sm_waguan_f.material
deco/dungeon/sm_waguan_c/materials/sm_waguan_c.material
deco/dungeon/sm_waguan_h/materials/sm_waguan_h.material
deco/ds/sm_ds_stone_e/materials/m_ds_stone_e.material
deco/decal/decal_dg_big_f/materials/m_decal_dg_big_f.material
deco/ds/sm_ds_fushou_12/materials/m_ds_fushou_12.material
deco/ds/sm_ds_stairs_stones_a01/materials/m_ds_stairs_stones_a01.material
deco/ds/damaged_arch_alley_03/materials/m_ds_arch04.material
deco/ds/damaged_railing_01/materials/m_damaged_railing_01.material
deco/ds/damaged_arch_alley_03/materials/m_ds_arch02.material
deco/ds/damaged_arch_alley_03/materials/m_ds_arch05.material
deco/ds/damaged_arch_alley_03/materials/m_ds_arch01.material
deco/ds/damaged_arch_alley_03/materials/m_ds_arch03.material
deco/field/sm_ruins_27/materials/sm_ruins_27.material
deco/ds/arch_alley_02/materials/m_ds_arch06.material
deco/building/sm_floor_01/materials/sm_floor_01.material
deco/building/stair_thin_01/materials/stair_thin_01.material
deco/lp/sm_lp_floor_carpet_01_3/materials/m_lp_floor_carpet_01_3.material
deco/building/sm_bangladesh_demon_01/materials/sm_bangladesh_demon_01.material
deco/chinoiserie/sm_ch_wall_d/materials/m_ch_wall_d.material
deco/chinoiserie/sm_ch_statue_h/materials/m_ch_statue_h.material
deco/statue/sm_gd_statue_a/materials/m_gd_statue_a.material
deco/statue/sm_gd_statue_a/materials/m_gd_statue_a02.material
deco/statue/sm_gd_statue_a/materials/m_gd_statue_a03.material
deco/field/sm_ruins_26/materials/sm_ruins_26.material
deco/field/sm_ruins_31/materials/sm_ruins_31.material
deco/dungeon/sm_zhuzi_h/materials/sm_zhuzi_h.material
deco/decal/decal_gf_e/materials/m_decal_gf_e.material
deco/building/sm_fortress_tower_01/materials/sm_fortress_tower_01_m1.material
deco/building/sm_fortress_tower_01/materials/sm_fortress_tower_01_m2.material
deco/building/sm_fortress_tower_01/materials/sm_fortress_tower_01_m3.material
deco/building/sm_fortress_tower_01/materials/sm_fortress_tower_01_m4.material
deco/ds/sm_ds_statue_lhfs_a/materials/m_ds_statue_lhfs_a.material
deco/decal/decal_dg_big_e/materials/m_decal_dg_e.material
deco/ds/plant/sm_ds_grass_s/materials/m_ds_grass_s.material
deco/ds/plant/sm_ds_grass_s02/materials/m_ds_grass_s02.material
deco/chinoiserie/sm_ch_stones_04/materials/sm_ch_stones_04.material
deco/chinoiserie/sm_ch_stones_05/materials/sm_ch_stones_05.material
deco/building/sm_border_04/materials/sm_border_04.material
deco/common/sm_beifangshandi_shitou_13_01/materials/sm_beifangshandi_shitou_13_01.material
deco/decal/decal_dg_medium_a/materials/m_dg_decal.material
deco/ds/sm_ds_stone_f/materials/m_ds_stone_f.material
deco/ds/sm_ds_stone_g/materials/m_ds_stone_g.material
deco/ds/sm_ds_stone_h/materials/m_ds_stone_h.material
deco/ds/sm_ds_stone_i/materials/m_ds_stone_i.material
deco/ds/sm_ds_cordage_b/materials/m_ds_cordage_b.material
deco/dungeon/sm_waguan_g3/materials/sm_waguan_g3.material
deco/ds/plant/sm_ds_tree_b/materials/m_ds_tree_b01.material
deco/ds/plant/sm_ds_tree_b/materials/m_ds_tree_b02.material
deco/ds/sm_ds_claypots_a/materials/m_ds_claypots_a.material
deco/ds/sm_ds_claypots_f/materials/m_ds_claypots_f.material
deco/prop/sm_torch_01/materials/sm_torch_01.material
deco/ds/sm_ds_shitou_04_01/materials/m_ds_shitou_04_01.material
deco/prop/spiderweb04/materials/m_spiderweb04.material
deco/prop/spiderweb01/materials/m_spiderweb01.material
deco/field/sm_ruins_28/materials/sm_ruins_28.material
deco/dungeon/sm_zhuzi_a/materials/m_zhuzi_a.material
deco/ds/sm_ds_stone_b/materials/m_ds_stone_b.material
deco/ds/sm_skull_01/materials/m_skull_01.material
deco/field/sm_ruins_14/materials/sm_ruins_14.material
deco/building/sm_wall_ruined_06/materials/sm_wall_ruined_06.material
deco/ds/sm_ds_crystalsr_c01/materials/m_ds_crystalsr_c01.material
deco/dungeon/sm_stonedoor_b/materials/sm_stonedoor_b.material
deco/dungeon/sm_stonedoor_c/materials/sm_stonedoor_c.material
deco/field/sm_ruins_23/materials/sm_ruins_23_m1.material
deco/field/sm_ruins_23/materials/sm_ruins_23_m2.material
deco/field/sm_ruins_23/materials/sm_ruins_23_m3.material
deco/field/sm_ruins_16/materials/sm_ruins_16.material
deco/field/sm_ruins_15/materials/sm_ruins_15.material
deco/lp/sm_lp_floor_carpet_01_8/materials/m_lp_floor_carpet_01_8.material
deco/decal/decal_ds_v/materials/m_decal_ds_v.material
tiles/tile_config/config_v1.json
editor/texturestyle/field.json
editor/texturestyle/temple.json
editor/texturestyle/chinoiserie.json
editor/texturestyle/ts.json
editor/texturestyle/dg.json
editor/texturestyle/ds.json
editor/texturestyle/snow.json
editor/texturestyle/water.json
tiles/tile_config/texture_group.json
tiles/me_tiles_field/ground/cracks_1_1_1_1_1_1_1_1.prefab
tiles/me_tiles_field/ground/cracks_1_1_1_1_1_1_0_1.prefab
deco/tiles/me_basemesh_hope/cracks/cracks_1_1_1_1_1_1_0_1/model.prefab
tiles/me_tiles_field/ground/cracks_1_0_0_1_1_0_0_1.prefab
deco/tiles/me_basemesh_hope/cracks/cracks_1_0_0_1_1_0_0_1/model.prefab
tiles/me_tiles_field/ground/cracks_0_1_0_1_1_0_0_1a.prefab
deco/tiles/me_basemesh_hope/cracks/cracks_0_1_0_1_1_0_0_1a/model.prefab
tiles/me_tiles_field/ground/cracks_0_1_0_1_1_0_0_1.prefab
deco/tiles/me_basemesh_hope/cracks/cracks_0_1_0_1_1_0_0_1/model.prefab
tiles/me_tiles_field/ground/cracks_1_1_1_1_1_0_0_1.prefab
deco/tiles/me_basemesh_hope/cracks/cracks_1_1_1_1_1_0_0_1/model.prefab
tiles/me_tiles_field/ground/cracks_1_1_1_1_1_1_0_1a.prefab
deco/tiles/me_basemesh_hope/cracks/cracks_1_1_1_1_1_1_0_1a/model.prefab
tiles/me_tiles_field/ground/cracks_1_1_0_0_0_1_0_0.prefab
deco/tiles/me_basemesh_hope/cracks/cracks_1_1_0_0_0_1_0_0/model.prefab
tiles/me_tiles_field/ground/tile_0_0_0_0.prefab
tiles/me_tiles_field/planebase/ground_0_0_0_0/ground_0_0_0_0.prefab
deco/tiles/me_basemesh_hope/ground/tile_g_0_0_0_0/model.prefab
tiles/me_tiles_field/ground/cracks_0_0_1_0_0_0_0_0b.prefab
deco/tiles/me_basemesh_hope/cracks/cracks_0_0_1_0_0_0_0_0b/model.prefab
tiles/me_tiles_field/ground/cracks_1_1_0_0_0_1_0_0a.prefab
deco/tiles/me_basemesh_hope/cracks/cracks_1_1_0_0_0_1_0_0a/model.prefab
tiles/me_tiles_field/ground/tile_0_0_0_128.prefab
deco/tiles/me_basemesh_hope/ground/tile_0_0_0_128/model.prefab
tiles/me_tiles_field/planebase/ground_1_1_1_0/ground_1_1_1_0.prefab
deco/tiles/me_basemesh_hope/ground/tile_g_1_1_1_0/model.prefab
tiles/me_tiles_field/ground/tile_0_0_128_128.prefab
deco/tiles/me_basemesh_hope/ground/tile_0_0_128_128/model.prefab
tiles/me_tiles_field/planebase/ground_1_1_0_0_d/ground_1_1_0_0_d.prefab
deco/tiles/me_basemesh_hope/ground/tile_g_1_1_0_0_d/model.prefab
tiles/me_tiles_field/ground/tile_0_0_256_128.prefab
deco/tiles/me_basemesh_hope/ground/tile_0_0_256_128/model.prefab
tiles/me_tiles_field/planebase/ground_1_1_0_0_a/ground_1_1_0_0_a.prefab
deco/tiles/me_basemesh_hope/ground/tile_g_1_1_0_0_a/model.prefab
tiles/me_tiles_field/ground/tile_0_0_256_256.prefab
deco/tiles/me_basemesh_hope/ground/tile_0_0_256_256/model.prefab
tiles/me_tiles_field/planebase/ground_1_1_0_0_f/ground_1_1_0_0_f.prefab
deco/tiles/me_basemesh_hope/ground/tile_g_1_1_0_0_f/model.prefab
tiles/me_tiles_field/ground/tile_256_0_128_512.prefab
deco/tiles/me_basemesh_hope/ground/tile_256_0_128_512/model.prefab
tiles/me_tiles_field/planebase/ground_1_0_0_0/ground_1_0_0_0.prefab
deco/tiles/me_basemesh_hope/ground/tile_g_0_1_0_0/model.prefab
tiles/me_tiles_field/ground/tile_0_0_384_384_a.prefab
deco/tiles/me_basemesh_hope/ground/tile_0_0_384_384_a/model.prefab
tiles/me_tiles_field/planebase/ground_1_1_0_0_e/ground_1_1_0_0_e.prefab
deco/tiles/me_basemesh_hope/ground/tile_g_1_1_0_0_e/model.prefab
tiles/me_tiles_field/ground/tile_128_0_384_512.prefab
deco/tiles/me_basemesh_hope/ground/tile_128_0_384_512/model.prefab
tiles/me_tiles_field/planebase/ground_0_1_0_0/ground_0_1_0_0.prefab
tiles/me_tiles_field/ground/tile_384_0_128_512.prefab
deco/tiles/me_basemesh_hope/ground/tile_384_0_128_512/model.prefab
tiles/me_tiles_field/ground/tile_128_0_128_512.prefab
deco/tiles/me_basemesh_hope/ground/tile_128_0_128_512/model.prefab
tiles/me_tiles_field/ground/tile_0_0_384_384.prefab
deco/tiles/me_basemesh_hope/ground/tile_0_0_384_384/model.prefab
tiles/me_tiles_field/ground/tile_0_256_512_384.prefab
deco/tiles/me_basemesh_hope/ground/tile_0_256_512_384/model.prefab
tiles/me_tiles_field/ground/tile_128_0_384_384.prefab
deco/tiles/me_basemesh_hope/ground/tile_128_0_384_384/model.prefab
tiles/me_tiles_field/ground/tile_384_0_384_768.prefab
deco/tiles/me_basemesh_hope/ground/tile_384_0_384_768/model.prefab
tiles/me_tiles_field/ground/tile_0_0_0_256.prefab
deco/tiles/me_basemesh_hope/ground/tile_0_0_0_256/model.prefab
tiles/me_tiles_field/ground/tile_384_0_384_384.prefab
deco/tiles/me_basemesh_hope/ground/tile_384_0_384_384/model.prefab
tiles/me_tiles_field/ground/tile_0_0_128_128_a.prefab
deco/tiles/me_basemesh_hope/ground/tile_0_0_128_128_a/model.prefab
tiles/me_tiles_field/planebase/ground_1_1_0_0_b/ground_1_1_0_0_b.prefab
deco/tiles/me_basemesh_hope/ground/tile_g_1_1_0_0_b/model.prefab
tiles/me_tiles_field/ground/tile_0_256_384_384.prefab
deco/tiles/me_basemesh_hope/ground/tile_0_256_384_384/model.prefab
tiles/me_tiles_field/ground/cracks_1_1_1_1_0_1_0_1.prefab
deco/tiles/me_basemesh_hope/cracks/cracks_1_1_1_1_0_1_0_1/model.prefab
tiles/me_tiles_field/ground/cracks_1_1_1_1_1_0_0_1a.prefab
deco/tiles/me_basemesh_hope/cracks/cracks_1_1_1_1_1_0_0_1a/model.prefab
tiles/me_tiles_field/ground/tile_0_0_256_0.prefab
deco/tiles/me_basemesh_hope/ground/tile_0_0_256_0/model.prefab
tiles/me_tiles_field/ground/tile_256_0_256_256.prefab
deco/tiles/me_basemesh_hope/ground/tile_256_0_256_256/model.prefab
tiles/me_tiles_field/ground/tile_0_0_256_256_a.prefab
deco/tiles/me_basemesh_hope/ground/tile_0_0_256_256_a/model.prefab
tiles/me_tiles_field/planebase/ground_1_1_0_0_c/ground_1_1_0_0_c.prefab
deco/tiles/me_basemesh_hope/ground/tile_g_1_1_0_0_c/model.prefab
tiles/me_tiles_field/ground/tile_0_0_256_384.prefab
deco/tiles/me_basemesh_hope/ground/tile_0_0_256_384/model.prefab
tiles/me_tiles_field/ground/tile_256_0_384_512.prefab
deco/tiles/me_basemesh_hope/ground/tile_256_0_384_512/model.prefab
tiles/me_tiles_field/ground/tile_128_0_256_256.prefab
deco/tiles/me_basemesh_hope/ground/tile_128_0_256_256/model.prefab
tiles/me_tiles_field/ground/tile_0_0_128_256.prefab
deco/tiles/me_basemesh_hope/ground/tile_0_0_128_256/model.prefab
tiles/me_tiles_field/ground/tile_128_0_128_128.prefab
deco/tiles/me_basemesh_hope/ground/tile_128_0_128_128/model.prefab
tiles/me_tiles_field/ground/cracks_0_0_0_0_0_0_1_0.prefab
deco/tiles/me_basemesh_hope/cracks/cracks_0_0_0_0_0_0_1_0/model.prefab
tiles/me_tiles_field/ground/cracks_0_0_1_0_0_0_0_0.prefab
deco/tiles/me_basemesh_hope/cracks/cracks_0_0_1_0_0_0_0_0/model.prefab
tiles/me_tiles_field/ground/cracks_0_0_1_0_0_0_0_0a.prefab
deco/tiles/me_basemesh_hope/cracks/cracks_0_0_1_0_0_0_0_0a/model.prefab
tiles/me_tiles_field/ground/tile_0_128_384_384.prefab
deco/tiles/me_basemesh_hope/ground/tile_0_128_384_384/model.prefab
tiles/me_tiles_field/ground/tile_384_0_384_512.prefab
deco/tiles/me_basemesh_hope/ground/tile_384_0_384_512/model.prefab
tiles/me_tiles_field/decal/ground_1_1_1_0/000.prefab
tiles/me_tiles_field/decal/a/002.prefab
deco/dungeon/plant/sm_dg_guanmu_05_03/model.prefab
tiles/me_tiles_field/decal/a/001.prefab
deco/dungeon/plant/sm_dg_guanmu_01_02/model.prefab
deco/dungeon/plant/sm_dg_guanmu_05_04/model.prefab
tiles/me_tiles_field/ground/cracks_1_1_1_0_0_0_0_0b.prefab
deco/tiles/me_basemesh_hope/cracks/cracks_1_1_1_0_0_0_0_0b/model.prefab
tiles/me_tiles_field/ground/tile_0_0_384_256.prefab
deco/tiles/me_basemesh_hope/ground/tile_0_0_384_256_a/model.prefab
tiles/me_tiles_field/ground/tile_384_0_256_640.prefab
deco/tiles/me_basemesh_hope/ground/tile_384_0_256_640/model.prefab
tiles/me_tiles_field/decal/ground_1_0_0_0/002.prefab
deco/dungeon/plant/sm_dg_guanmu_05_09/model.prefab
deco/chinoiserie/sm_ch_littlestone_e/model.prefab
tiles/me_tiles_field/decal/e/000.prefab
tiles/me_tiles_field/decal/a/000.prefab
tiles/me_tiles_field/decal/a_long/000.prefab
tiles/me_tiles_field/ground/tile_256_0_256_640.prefab
deco/tiles/me_basemesh_hope/ground/tile_256_0_256_640/model.prefab
tiles/me_tiles_field/decal/ground_1_0_0_0/009.prefab
deco/chinoiserie/sm_ch_littlestone_c/model.prefab
tiles/me_tiles_field/decal/d/000.prefab
tiles/me_tiles_field/decal/ground_1_1_0_0_c/005.prefab
deco/dungeon/plant/sm_dg_guanmu_02_01/model.prefab
deco/chinoiserie/sm_ch_littlestone_d/model.prefab
tiles/me_tiles_field/decal/b_long/007.prefab
deco/dungeon/plant/sm_dg_xiaozhiwu_06_01/model.prefab
deco/dungeon/plant/sm_dg_xiaozhiwu_06_03/model.prefab
deco/rainforest/sm_wudumilin_pashanhu_03_01/model.prefab
deco/rainforest/sm_wudumilin_pashanhu_05_01/model.prefab
deco/dungeon/plant/sm_dg_xiaozhiwu_06_02/model.prefab
tiles/me_tiles_field/decal/ground_1_1_0_0_c/000.prefab
tiles/me_tiles_field/decal/b_long/004.prefab
deco/rainforest/sm_wudumilin_pashanhu_01_01/model.prefab
deco/rainforest/sm_wudumilin_pashanhu_02_01/model.prefab
deco/dungeon/plant/sm_dg_xiaozhiwu_06_04/model.prefab
tiles/me_tiles_field/decal/b_long/003.prefab
deco/rainforest/sm_wudumilin_xiaozhiwu_07_01/model.prefab
tiles/me_tiles_field/decal/ground_1_1_0_0_c/003.prefab
tiles/me_tiles_field/decal/b_long/014.prefab
deco/rainforest/sm_wudumilin_mogu_04_01/model.prefab
deco/common_prefab/sm_candle_r_group_03/model.prefab
deco/field/sm_candle_a_r/model.prefab
deco/field/sm_candle_b_r/model.prefab
deco/field/sm_candle_f_r/model.prefab
tiles/me_tiles_field/decal/b_long/002.prefab
tiles/me_tiles_field/decal/b_long/006.prefab
deco/rainforest/sm_wudumilin_pashanhu_04_01/model.prefab
tiles/me_tiles_field/decal/ground_1_1_1_0/002.prefab
tiles/me_tiles_field/decal/a/005.prefab
tiles/me_tiles_field/decal/ground_1_0_0_0/004.prefab
tiles/me_tiles_field/decal/0/000.prefab
tiles/me_tiles_field/decal/b/005.prefab
tiles/me_tiles_field/decal/d_long/005.prefab
tiles/me_tiles_field/ground/tile_0_0_0_384.prefab
deco/tiles/me_basemesh_hope/ground/tile_0_0_0_384/model.prefab
tiles/me_tiles_field/decal/ground_1_1_1_0/007.prefab
deco/dungeon/plant/sm_dg_guanmu_05_10/model.prefab
tiles/me_tiles_field/decal/a_long/005.prefab
tiles/me_tiles_field/decal/b_long/012.prefab
tiles/me_tiles_field/decal/b/002.prefab
tiles/me_tiles_field/ground/tile_0_256_256_384.prefab
deco/tiles/me_basemesh_hope/ground/tile_0_256_256_384/model.prefab
tiles/me_tiles_field/decal/ground_1_0_0_0/000.prefab
tiles/me_tiles_field/decal/e/008.prefab
tiles/me_tiles_field/decal/a/003.prefab
tiles/me_tiles_field/decal/ground_1_1_1_0/003.prefab
deco/chinoiserie/sm_ch_littlestone_a/model.prefab
tiles/me_tiles_field/ground/tile_0_128_256_256.prefab
deco/tiles/me_basemesh_hope/ground/tile_0_128_256_256/model.prefab
tiles/me_tiles_field/decal/b/004.prefab
tiles/me_tiles_field/decal/b_long/001.prefab
tiles/me_tiles_field/ground/path_style_1/path_0_0_0_128_0_0_1_1.prefab
deco/tiles/me_basemesh_hope/path/path_0_0_0_128_1_1_1_1/model.prefab
tiles/me_tiles_field/ground/path_style_1/path_0_0_128_128_0_1_1_1.prefab
deco/tiles/me_basemesh_hope/path/path_0_0_128_128_1_1_1_1/model.prefab
tiles/me_tiles_field/ground/path_style_1/path_0_0_0_128_1_1_1_1.prefab
tiles/me_tiles_field/decal/b/007.prefab
tiles/me_tiles_field/decal/ground_1_1_0_0_c/006.prefab
tiles/me_tiles_field/decal/b/011.prefab
deco/rainforest/sm_wudumilin_mogu_02_01/model.prefab
tiles/me_tiles_field/decal/ground_1_1_0_0_c/008.prefab
tiles/me_tiles_field/decal/b_long/000.prefab
tiles/me_tiles_field/ground/path_style_1/path_0_0_128_128_1_1_1_1.prefab
tiles/me_tiles_field/ground/path_style_1/path_128_0_128_128_1_1_1_1.prefab
deco/tiles/me_basemesh_hope/path/path_128_0_128_128_1_1_1_1/model.prefab
tiles/me_tiles_field/decal/b/003.prefab
tiles/me_tiles_field/decal/b/008.prefab
tiles/me_tiles_field/decal/b_long/008.prefab
tiles/me_tiles_field/decal/ground_1_1_0_0_c/007.prefab
tiles/me_tiles_field/decal/b/006.prefab
tiles/me_tiles_field/decal/ground_1_1_0_0_c/009.prefab
tiles/me_tiles_field/decal/b/000.prefab
tiles/me_tiles_field/decal/b_long/005.prefab
tiles/me_tiles_field/decal/b/001.prefab
tiles/me_tiles_field/decal/ground_1_1_0_0_b/000.prefab
tiles/me_tiles_field/decal/b/012.prefab
tiles/me_tiles_field/decal/ground_1_1_0_0_c/004.prefab
tiles/me_tiles_field/decal/d/007.prefab
tiles/me_tiles_field/ground/path_style_1/path_128_0_128_256_1_0_0_0.prefab
deco/tiles/me_basemesh_hope/path/path_128_0_128_256_1_0_0_0/model.prefab
deco/tiles/me_basemesh_hope/path/path_128_0_128_256_0_1_0_0/model.prefab
tiles/me_tiles_field/decal/ground_1_1_0_0_c/002.prefab
tiles/me_tiles_field/decal/ground_1_1_0_0_b/006.prefab
tiles/me_tiles_field/ground/path_style_1/path_128_0_128_128_1_0_0_0.prefab
deco/tiles/me_basemesh_hope/path/path_128_0_128_128_1_0_0_0/model.prefab
tiles/me_tiles_field/ground/path_style_1/path_0_0_128_128_1_1_1_0.prefab
deco/tiles/me_basemesh_hope/path/path_0_0_128_128_1_1_1_0/model.prefab
deco/tiles/me_basemesh_hope/path/path_0_0_128_128_1_0_1_1/model.prefab
tiles/me_tiles_field/decal/ground_1_1_0_0_a/000.prefab
tiles/me_tiles_field/decal/c/005.prefab
tiles/me_tiles_field/ground/path_style_1/path_0_0_0_128_0_1_1_1.prefab
tiles/me_tiles_field/ground/path_style_1/path_0_0_128_128_1_0_0_1.prefab
deco/tiles/me_basemesh_hope/path/path_0_0_128_128_1_0_0_1/model.prefab
deco/tiles/me_basemesh_hope/path/path_0_0_128_128_0_0_0_1/model.prefab
tiles/me_tiles_field/decal/path01/001.prefab
deco/dungeon/prefab/pre_huopen_a/model.prefab
deco/dungeon/sm_huopen_a/model.prefab
tiles/me_tiles_field/decal/b/009.prefab
tiles/me_tiles_field/ground/path_style_1/path_128_0_128_128_1_1_0_0.prefab
tiles/me_tiles_field/ground/path_style_1/path_0_0_0_128_1_0_1_1.prefab
tiles/me_tiles_field/ground/path_style_1/path_0_0_128_128_1_0_1_1.prefab
tiles/me_tiles_field/decal/ground_1_1_0_0_b/004.prefab
tiles/me_tiles_field/decal/b/013.prefab
deco/rainforest/sm_wudumilin_mogu_03_01/model.prefab
tiles/me_tiles_field/ground/path_style_1/path_128_0_128_128_0_1_1_1.prefab
deco/tiles/me_basemesh_hope/path/path_128_0_128_128_0_1_1_0/model.prefab
tiles/me_tiles_field/decal/ground_1_1_0_0_b/005.prefab
tiles/me_tiles_field/decal/ground_1_1_0_0_b/008.prefab
tiles/me_tiles_field/ground/path_style_1/path_0_0_0_128_0_1_1_0.prefab
deco/tiles/me_basemesh_hope/path/path_0_0_0_128_0_1_1_0/model.prefab
deco/tiles/me_basemesh_hope/path/path_0_0_0_128_0_0_0_1/model.prefab
tiles/me_tiles_field/decal/c_long/005.prefab
tiles/me_tiles_field/ground/tile_128_0_128_256.prefab
deco/tiles/me_basemesh_hope/ground/tile_128_0_128_256/model.prefab
tiles/me_tiles_field/decal/b_long/011.prefab
tiles/me_tiles_field/decal/ground_1_1_1_0/009.prefab
tiles/me_tiles_field/decal/d/006.prefab
tiles/me_tiles_field/decal/ground_1_0_0_0/001.prefab
tiles/me_tiles_field/ground/tile_0_128_128_384.prefab
deco/tiles/me_basemesh_hope/ground/tile_0_128_128_384/model.prefab
tiles/me_tiles_field/ground/tile_0_0_384_128.prefab
deco/tiles/me_basemesh_hope/ground/tile_0_0_384_128/model.prefab
tiles/me_tiles_field/ground/tile_128_0_256_512.prefab
deco/tiles/me_basemesh_hope/ground/tile_128_0_256_512/model.prefab
tiles/me_tiles_field/decal/b_long/009.prefab
tiles/me_tiles_field/decal/ground_1_1_0_0_c/001.prefab
tiles/me_tiles_field/decal/b_long/015.prefab
deco/field/prefab/sm_candle_a/model.prefab
deco/field/sm_candle_a/model.prefab
tiles/me_tiles_field/decal/ground_1_1_0_0_b/001.prefab
tiles/me_tiles_field/decal/d/010.prefab
tiles/me_tiles_field/decal/c/007.prefab
tiles/me_tiles_field/decal/d/004.prefab
tiles/me_tiles_field/decal/b_long/013.prefab
tiles/me_tiles_field/decal/c_long/008.prefab
tiles/me_tiles_field/decal/ground_1_0_0_0/005.prefab
tiles/me_tiles_field/decal/d_long/008.prefab
tiles/me_tiles_field/decal/d/009.prefab
tiles/me_tiles_field/decal/d/001.prefab
tiles/me_tiles_field/decal/ground_1_1_0_0_a/004.prefab
deco/chinoiserie/sm_ch_littlestone_b/model.prefab
tiles/me_tiles_field/decal/ground_1_0_0_0/008.prefab
tiles/me_tiles_field/decal/ground_1_1_0_0_b/007.prefab
tiles/me_tiles_field/ground/tile_256_0_384_256.prefab
deco/tiles/me_basemesh_hope/ground/tile_256_0_384_256/model.prefab
tiles/me_tiles_field/ground/tile_256_0_384_384.prefab
deco/tiles/me_basemesh_hope/ground/tile_256_0_384_384/model.prefab
deco/common/sm_beifangshandi_songshu_01_03/model.prefab
deco/common/sm_beifangshandi_songshu_02_02/model.prefab
deco/dungeon/plant/sm_dg_songshu_06_01/model.prefab
deco/rainforest/sm_wudumilin_yezishu_02_02/model.prefab
deco/rainforest/sm_wudumilin_yezishu_03_01/model.prefab
deco/rainforest/sm_wudumilin_yezishu_01_01/model.prefab
deco/dungeon/plant/sm_dg_songshu_04_02/model.prefab
deco/dungeon/plant/sm_dg_songshu_07_03/model.prefab
deco/dungeon/plant/sm_dg_songshu_06_03/model.prefab
deco/field/prefab/sm_zhongshitou_01_group_03/model.prefab
deco/rainforest/sm_wudumilin_shu_01_01/model.prefab
deco/rainforest/sm_wudumilin_shu_01_02/model.prefab
deco/rainforest/sm_wudumilin_xiaoshitou_01_01/model.prefab
deco/dungeon/plant/sm_dg_guanmu_02_05/model.prefab
deco/dungeon/plant/sm_dg_guanmu_02_06/model.prefab
deco/rainforest/sm_wudumilin_xiaozhiwu_06_01/model.prefab
deco/dungeon/plant/sm_dg_guanmu_02_03/model.prefab
deco/dungeon/plant/sm_dg_guanmu_02_02/model.prefab
deco/common/sm_beifangshandi_songshu_02_01/model.prefab
deco/common/sm_beifangshandi_songshu_01_01/model.prefab
deco/dungeon/plant/sm_dg_songshu_02_04/model.prefab
deco/dungeon/plant/sm_dg_songshu_07_01/model.prefab
deco/decal/common_decal_rutted_a/model.prefab
deco/lp/plant/sm_gerneric_grass_patch_01/model.prefab
deco/decal/decal_dg_grass_c01/model.prefab
deco/chinoiserie/plant/sm_aquatic_b_01/model.prefab
deco/rainforest/sm_wudumilin_hua_04_02/model.prefab
deco/rainforest/sm_wudumilin_pingzicao_01_01/model.prefab
deco/rainforest/sm_wudumilin_pingzicao_02_01/model.prefab
deco/rainforest/sm_wudumilin_pingzicao_05_01/model.prefab
deco/lp/plant/sm_gerneric_grass_patch_02/model.prefab
deco/lp/plant/sm_gerneric_grass_patch_03/model.prefab
deco/lp/plant/sm_lp_flowers_01/model.prefab
deco/field/grassandflower/sm_flower_a01/model.prefab
deco/rainforest/sm_wudumilin_hua_03_01/model.prefab
deco/rainforest/sm_wudumilin_hua_02_01/model.prefab
deco/field/grassandflower/sm_field_flower_b01/model.prefab
deco/field/grassandflower/sm_field_flower_a/model.prefab
deco/field/grassandflower/sm_field_flower_b/model.prefab
deco/field/grassandflower/sm_field_flower_c/model.prefab
deco/field/prefab/sm_field_group_02/model.prefab
deco/stylized_landscape/sm_flower_b/model.prefab
deco/stylized_landscape/sm_flower_c/model.prefab
deco/rainforest/sm_wudumilin_kumuposui_02_01/model.prefab
deco/dungeon/plant/sm_dg_songshu_07_04/model.prefab
deco/ds/prefab/sm_ds_group_36/model.prefab
deco/ds/sm_ds_woodencontainer_a/model.prefab
deco/chinoiserie/sm_tilewood_g02/model.prefab
deco/chinoiserie/sm_tilewood_i02/model.prefab
deco/ds/sm_ds_palisadespike_a/model.prefab
deco/ds/sm_ds_palisadespike_c/model.prefab
deco/ds/sm_ds_palisadespike_b/model.prefab
deco/chinoiserie/sm_ch_rope_03_a/model.prefab
deco/chinoiserie/sm_ch_rope_05_a/model.prefab
deco/ds/prefab/sm_ds_group_33/model.prefab
deco/chinoiserie/sm_tilewood_l02/model.prefab
deco/ds/prefab/sm_ds_group_129/model.prefab
deco/ds/prefab/sm_ds_group_37/model.prefab
deco/ds/sm_ds_palisadespike_d/model.prefab
deco/chinoiserie/sm_tilewood_k02/model.prefab
deco/ds/sm_ds_haypile_a02/model.prefab
deco/ds/sm_ds_bricks_09/model.prefab
deco/ds/prefab/sm_ds_group_22/model.prefab
deco/ds/plant/sm_ds_grass_a/model.prefab
deco/ds/plant/sm_ds_grass_b/model.prefab
deco/ds/plant/sm_ds_grass_c/model.prefab
deco/ds/sm_ds_bricks_01/model.prefab
deco/ts/prefab/sm_ts_group_17/model.prefab
deco/ts/sm_ts_container_c/model.prefab
deco/ts/sm_ts_container_f/model.prefab
deco/ts/sm_ts_container_e/model.prefab
deco/common_prefab/sm_box_group_01/model.prefab
deco/field/sm_box_02/model.prefab
deco/ts/sm_ts_container_d/model.prefab
deco/ds/prefab/sm_ds_group_103/model.prefab
deco/ds/sm_ds_haypile_a03/model.prefab
deco/ds/sm_ds_woodenchest_a/model.prefab
deco/ds/sm_ds_woodencarts_a/model.prefab
deco/ds/sm_ds_roundhaybale_a/model.prefab
deco/ds/sm_ds_haypile_a/model.prefab
deco/ds/sm_ds_campfire_b/model.prefab
deco/ds/plant/sm_ds_grass_o01/model.prefab
deco/chinoiserie/prefab/sm_ch_group_188/model.prefab
deco/common_prefab/sm_candle_r_group_05/model.prefab
deco/field/sm_candle_c_r/model.prefab
deco/chinoiserie/sm_tilewood_g/model.prefab
deco/common_prefab/sm_stone_group_06/model.prefab
deco/chinoiserie/prefab/sm_ch_group_179/model.prefab
deco/chinoiserie/prefab/sm_ch_ludeng_group_a/model.prefab
deco/chinoiserie/sm_ch_ludeng_a/model.prefab
deco/common_prefab/sm_stone_group_03/model.prefab
deco/chinoiserie/sm_ch_stones_03/model.prefab
deco/chinoiserie/prefab/sm_ch_group_89/model.prefab
deco/chinoiserie/plant/sm_ch_guanmu_01_01/model.prefab
deco/chinoiserie/plant/sm_ch_guanmu_01_02/model.prefab
deco/chinoiserie/plant/sm_beifangshandi_shu_05_03/model.prefab
deco/chinoiserie/plant/sm_ch_guanmu_05_03/model.prefab
deco/appdemo/sm_app_stones_02/model.prefab
deco/ds/prefab/sm_ds_group_08/model.prefab
deco/ds/sm_ds_skeleton_a/model.prefab
deco/ds/sm_ds_skeleton_h/model.prefab
deco/ds/sm_ds_skeleton_l/model.prefab
deco/ds/sm_ds_skeleton_i/model.prefab
deco/ds/sm_ds_skeleton_p/model.prefab
deco/ds/sm_ds_branch_c/model.prefab
deco/ds/sm_ds_skeleton_m/model.prefab
deco/ds/sm_ds_skeleton_d/model.prefab
deco/ds/sm_ds_skeleton_e/model.prefab
deco/ds/sm_ds_skeleton_g/model.prefab
deco/ds/sm_ds_skeleton_n/model.prefab
deco/ds/prefab/sm_ds_group_10/model.prefab
deco/ds/sm_ds_brazier_c/model.prefab
deco/chinoiserie/prefab/sm_ch_group_44/model.prefab
deco/chinoiserie/plant/sm_ch_tree_c01/model.prefab
deco/common/sm_beifangshandi_shugen_02_01/model.prefab
deco/chinoiserie/sm_ch_shuijin_a/model.prefab
deco/chinoiserie/sm_ch_barrel_01/model.prefab
deco/chinoiserie/sm_ch_box_01/model.prefab
deco/common/sm_beifangshandi_guanmu_02_01/model.prefab
deco/common_prefab/sm_common_group_05/model.prefab
deco/handpaintedvol2_campsite/sm_tent_03/model.prefab
deco/common_prefab/sm_common_group_03/model.prefab
deco/handpaintedvol2_campsite/sm_campsite_firewood_02_base/model.prefab
deco/handpaintedvol2_campsite/sm_campfire_rocks/model.prefab
deco/handpaintedvol2_campsite/sm_backpack_02_base/model.prefab
deco/common_prefab/sm_common_group_01/model.prefab
deco/handpaintedvol2_campsite/sm_stick_02/model.prefab
deco/handpaintedvol2_campsite/sm_stick_01/model.prefab
deco/handpaintedvol2_campsite/sm_stick_03/model.prefab
deco/handpaintedvol2_campsite/sm_roastchicken_01/model.prefab
deco/handpaintedvol2_campsite/sm_pot_hook/model.prefab
deco/handpaintedvol2_campsite/sm_pot_01/model.prefab
deco/handpaintedvol2_campsite/sm_pan_01/model.prefab
deco/handpaintedvol2_campsite/sm_roastham_01/model.prefab
deco/handpaintedvol2_campsite/sm_pot_03/model.prefab
deco/handpaintedvol2_campsite/sm_jar_01/model.prefab
deco/handpaintedvol2_campsite/sm_bench_01/model.prefab
deco/handpaintedvol2_campsite/sm_sackclosed_01/model.prefab
deco/handpaintedvol2_campsite/sm_sleepingbag_04/model.prefab
deco/handpaintedvol2_campsite/sm_sleepingbag_03/model.prefab
deco/ds/prefab/sm_ds_group_23/model.prefab
deco/ds/sm_ds_claypots_l/model.prefab
deco/ds/sm_ds_claypots_j/model.prefab
deco/ds/sm_ds_claypots_k/model.prefab
deco/ds/sm_ds_jutejug_a/model.prefab
deco/ds/sm_ds_woodenwheelbarrow_a/model.prefab
deco/ds/sm_ds_cordage_c/model.prefab
deco/ds/sm_ds_bone_03/model.prefab
deco/chinoiserie/prefab/sm_ch_group_152/model.prefab
deco/ndg/sm_ndg_bricks_09/model.prefab
deco/ndg/sm_ndg_bricks_02/model.prefab
deco/common_prefab/sm_barrel_group_03/model.prefab
deco/ndg/sm_ndg_bricks_05/model.prefab
deco/chinoiserie/sm_ch_stone_07/model.prefab
deco/chinoiserie/sm_dh_diaolou_b/model.prefab
deco/ndg/sm_ndg_chains_a/model.prefab
deco/ds/prefab/sm_ds_group_25/model.prefab
deco/ds/plant/sm_ds_tree_d/model.prefab
deco/ds/plant/sm_ds_tree_f/model.prefab
deco/ds/sm_ds_stone_o/model.prefab
deco/ds/plant/sm_ds_tree_e/model.prefab
deco/ds/sm_ds_bricks_05/model.prefab
deco/ds/sm_ds_bricks_08/model.prefab
deco/ds/plant/sm_ds_grass_m05/model.prefab
deco/ds/plant/sm_ds_grass_o03/model.prefab
deco/ds/plant/sm_ds_grass_o05/model.prefab
deco/_user/shideng02_taid/model.prefab
deco/chinoiserie/sm_ch_stone_lantern_c/model.prefab
deco/field/prefab/sm_streetlight_group_01/model.prefab
deco/field/sm_streetlight_a/model.prefab
deco/rainforest/sm_wudumilin_guanmu_01_02/model.prefab
deco/field/sm_mutong/model.prefab
deco/lp/sm_lp_featurewall_wood_01/model.prefab
deco/ds/sm_ds_portals_a/model.prefab
deco/ds/sm_rock_07/model.prefab
deco/decal/decal_ds_m05/model.prefab
deco/decal/decal_ds_m02/model.prefab
deco/decal/decal_ds_m03/model.prefab
deco/decal/common_decal_stonerutted_d/model.prefab
deco/field/grassandflower/sm_grass_02/model.prefab
deco/field/grassandflower/sm_grass_02a/model.prefab
deco/field/grassandflower/sm_grass_02b/model.prefab
tiles/me_tiles_chinoiserie/ground/cracks_1_1_1_1_1_1_0_1.prefab
tiles/me_tiles_chinoiserie/decal_tile/cracks_1_0_0_0/0.prefab
deco/tiles/me_basemesh_chinoiserie/cracks/sm_ch_xuanya_b/model.prefab
deco/tiles/me_basemesh_chinoiserie/plane/tile_g_0_1_0_0/model.prefab
tiles/me_tiles_chinoiserie/ground/cracks_1_0_0_1_1_0_0_1.prefab
tiles/me_tiles_chinoiserie/decal_tile/cracks_0_1_1_0/0.prefab
deco/tiles/me_basemesh_chinoiserie/cracks/sm_ch_xuanya_a/model.prefab
deco/tiles/me_basemesh_chinoiserie/plane/tile_g_1_1_0_0/model.prefab
tiles/me_tiles_chinoiserie/ground/cracks_0_1_0_1_1_0_0_1.prefab
tiles/me_tiles_chinoiserie/ground/cracks_1_1_1_1_1_1_1_1.prefab
tiles/me_tiles_chinoiserie/ground/tile_0_0_0_0.prefab
tiles/me_tiles_chinoiserie/planebase/ground_0_0_0_0/ground_0_0_0_0.prefab
deco/tiles/me_basemesh_chinoiserie/plane/tile_g_0_0_0_0/model.prefab
tiles/me_tiles_chinoiserie/ground/cracks_0_0_1_0_0_0_0_0.prefab
tiles/me_tiles_chinoiserie/ground/cracks_1_1_1_1_1_0_0_1.prefab
tiles/me_tiles_chinoiserie/ground/cracks_0_0_0_0_0_0_1_0.prefab
tiles/me_tiles_dg/ground/cracks_0_0_0_0_0_0_1_0.prefab
deco/tiles/me_basemesh_dg/plane/tile_g_0_0_0_0/model.prefab
tiles/me_tiles_dg/ground/cracks_1_1_0_0_0_1_0_0.prefab
tiles/me_tiles_dg/decal_tile/cracks_0_1_1_1/0.prefab
deco/tiles/me_basemesh_dg/cracks/sm_xuanya_c/model.prefab
deco/tiles/me_basemesh_dg/cracks/sm_xuanya_prop02/model.prefab
deco/tiles/me_basemesh_dg/plane/tile_g_1_1_1_0_b/model.prefab
tiles/me_tiles_chinoiserie/ground/cracks_1_1_0_0_0_1_0_0.prefab
tiles/me_tiles_chinoiserie/decal_tile/cracks_0_1_1_1/0.prefab
deco/tiles/me_basemesh_chinoiserie/cracks/sm_ch_xuanya_c/model.prefab
deco/tiles/me_basemesh_chinoiserie/plane/tile_g_1_1_1_0_b/model.prefab
tiles/me_tiles_dg/ground/cracks_1_1_1_1_1_0_0_1_01.prefab
tiles/me_tiles_dg/decal_tile/cracks_0_1_1_0_01/0.prefab
deco/tiles/me_basemesh_dg/plane/tile_g_1_1_0_0/model.prefab
deco/tiles/me_basemesh_dg/cracks/sm_xuanya_a003/model.prefab
deco/tiles/me_basemesh_dg/cracks/sm_xuanya_prop01/model.prefab
tiles/me_tiles_dg/ground/cracks_1_0_0_1_1_0_0_1_02.prefab
tiles/me_tiles_dg/decal_tile/cracks_0_1_1_0_02/0.prefab
deco/tiles/me_basemesh_dg/cracks/sm_xuanya_a/model.prefab
tiles/me_tiles_dg/ground/cracks_1_1_1_1_1_1_0_1.prefab
tiles/me_tiles_dg/decal_tile/cracks_1_0_0_0/0.prefab
deco/tiles/me_basemesh_dg/cracks/sm_xuanya_b/model.prefab
deco/tiles/me_basemesh_dg/cracks/sm_xuanya_prop03/model.prefab
deco/tiles/me_basemesh_dg/cracks/sm_xuanya_prop05/model.prefab
deco/tiles/me_basemesh_dg/plane/tile_g_0_1_0_0/model.prefab
tiles/me_tiles_dg/ground/cracks_0_1_0_1_1_0_0_1.prefab
tiles/me_tiles_dg/decal_tile/cracks_0_1_1_0/0.prefab
deco/tiles/me_basemesh_dg/cracks/sm_xuanya_a002/model.prefab
tiles/me_tiles_dg/ground/cracks_1_1_1_1_1_1_1_1.prefab
tiles/me_tiles_dg/ground/cracks_1_0_0_1_1_0_0_1.prefab
deco/dungeon/sm_waguan_e/model.prefab
deco/dungeon/sm_waguan_f/model.prefab
deco/dungeon/sm_waguan_c/model.prefab
deco/dungeon/sm_waguan_h/model.prefab
deco/ds/sm_ds_stone_e/model.prefab
deco/decal/decal_dg_big_f/model.prefab
deco/ds/sm_ds_stairs01/model.prefab
deco/ds/sm_ds_fushou_12_2/model.prefab
deco/ds/sm_ds_fushou_12/model.prefab
deco/ds/sm_ds_stairs_str_256_11/model.prefab
deco/ds/sm_ds_stairs_stones_a01/model.prefab
deco/ds/sm_ds_stairs_stones_c03/model.prefab
deco/ds/sm_ds_stairs_stones_a02/model.prefab
deco/ds/sm_ds_stairs_stones_a03/model.prefab
deco/ds/sm_ds_stairs_stones_c01/model.prefab
deco/ds/sm_ds_stairs_stones_b01/model.prefab
deco/ds/sm_ds_stairs_stones_b03/model.prefab
deco/ds/sm_ds_stairs_stones_c02/model.prefab
deco/ds/column_low_part_02/model.prefab
deco/ds/column_low_01/model.prefab
deco/ds/damaged_railing_05/model.prefab
deco/ds/damaged_railing_03/model.prefab
deco/ds/damaged_railing_01/model.prefab
deco/ds/damaged_wall_right_02/model.prefab
deco/ds/damaged_wall_preset_04/model.prefab
deco/ds/damaged_railing_pillar_02/model.prefab
deco/ds/damaged_wall_left_02/model.prefab
deco/ds/damaged_column_03/model.prefab
deco/ds/damaged_wall_right_01/model.prefab
deco/ds/damaged_column_05/model.prefab
deco/field/sm_ruins_27/model.prefab
deco/ds/base_01/model.prefab
deco/ds/column_low_special_01/model.prefab
deco/ds/wall_arch_10/model.prefab
deco/building/sm_floor_01/model.prefab
deco/ds/arch_alley_corner_01/model.prefab
deco/ds/arch_alley_02/model.prefab
deco/building/base_01/model.prefab
deco/building/stair_thin_01/model.prefab
deco/lp/sm_lp_floor_carpet_01/model.prefab
deco/ds/damaged_arch_alley_corner_02/model.prefab
deco/ds/damaged_arch_alley_04/model.prefab
deco/building/sm_bangladesh_demon_01/model.prefab
deco/ds/column_07/model.prefab
deco/chinoiserie/sm_ch_wall_d/model.prefab
deco/lp/sm_lp_fitment_macadam_02/model.prefab
deco/chinoiserie/sm_ch_statue_h/model.prefab
deco/statue/sm_gd_statue_a04/model.prefab
deco/statue/sm_gd_statue_a02/model.prefab
deco/field/sm_ruins_26/model.prefab
deco/field/sm_ruins_31/model.prefab
deco/ds/damaged_column_02/model.prefab
deco/dungeon/sm_zhuzi_h/model.prefab
deco/ds/railing_pillar_01/model.prefab
deco/ds/railing_half_01/model.prefab
deco/ds/railing_02/model.prefab
deco/ds/damaged_railing_06/model.prefab
deco/decal/decal_gf_e/model.prefab
deco/ds/arch_door_01/model.prefab
deco/ds/wall_corner_01/model.prefab
deco/building/sm_fortress_tower_01/model.prefab
deco/ds/column_low_02/model.prefab
deco/ds/sm_ds_statue_lhfs_a/model.prefab
deco/decal/decal_dg_big_e02/model.prefab
deco/ds/plant/sm_ds_grass_s/model.prefab
deco/ds/plant/sm_ds_grass_s02/model.prefab
deco/ds/wall_bottom_decor_02/model.prefab
deco/common_prefab/sm_stone_group_01/model.prefab
deco/chinoiserie/sm_ch_stones_04/model.prefab
deco/chinoiserie/sm_ch_stones_05/model.prefab
deco/building/sm_border_04/model.prefab
deco/common/sm_beifangshandi_shitou_13_01/model.prefab
deco/decal/decal_dg_stone_a/model.prefab
deco/ds/arch_door_04/model.prefab
deco/ds/prefab/sm_ds_group_119/model.prefab
deco/ds/prefab/sm_ds_group_21/model.prefab
deco/ds/sm_ds_stone_f/model.prefab
deco/ds/sm_ds_stone_g/model.prefab
deco/ds/sm_ds_stone_h/model.prefab
deco/ds/sm_ds_stone_i/model.prefab
deco/ds/prefab/sm_ds_group_88/model.prefab
deco/ds/sm_ds_bricks_04/model.prefab
deco/chinoiserie/sm_tilewood_k/model.prefab
deco/ds/sm_ds_cordage_b/model.prefab
deco/dungeon/sm_waguan_g3/model.prefab
deco/ds/plant/sm_ds_tree_b/model.prefab
deco/ds/sm_ds_claypots_b/model.prefab
deco/ds/sm_ds_claypots_g/model.prefab
deco/ds/prefab/sm_ds_group_75/model.prefab
deco/ds/sm_ds_bone_04/model.prefab
deco/ds/sm_ds_bone_01/model.prefab
deco/ds/prefab/sm_ds_group_162/model.prefab
deco/ds/prefab/sm_ds_group_12/model.prefab
deco/ds/prefab/sm_ds_group_149/model.prefab
deco/dungeon/prefab/sm_dg_group_24/model.prefab
deco/prop/sm_torch_01/model.prefab
deco/ds/prefab/sm_ds_group_05/model.prefab
deco/ds/sm_ds_shitou_04_01/model.prefab
deco/ds/sm_ds_shitou_06_01/model.prefab
deco/ds/sm_ds_shitou_05_01/model.prefab
deco/ds/prefab/sm_ds_group_113/model.prefab
deco/ds/plant/sm_ds_grass_o02/model.prefab
deco/prop/spiderweb04/model.prefab
deco/ds/column_02/model.prefab
deco/field/sm_ruins_28/model.prefab
deco/dungeon/sm_zhuzi_a/model.prefab
deco/ds/base_rounded_02/model.prefab
deco/ds/sm_ds_stone_b/model.prefab
deco/ds/sm_skull_04/model.prefab
deco/ds/sm_skull_05/model.prefab
deco/ds/damaged_railing_08/model.prefab
deco/ds/damaged_railing_07/model.prefab
deco/ds/damaged_railing_02/model.prefab
deco/field/sm_ruins_14/model.prefab
deco/building/sm_wall_ruined_06/model.prefab
deco/ds/sm_ds_crystalsr_c01/model.prefab
deco/ds/sm_merged_fence_04/model.prefab
deco/ds/sm_rocks_struct_04/model.prefab
deco/ds/wall_preset_01/model.prefab
deco/dungeon/sm_stonedoor_b/model.prefab
deco/dungeon/sm_stonedoor_c/model.prefab
deco/field/sm_ruins_23/model.prefab
deco/field/sm_ruins_16/model.prefab
deco/field/sm_ruins_15/model.prefab
deco/lp/sm_lp_floor_carpet_01_8/model.prefab
deco/decal/decal_ds_v/model.prefab
deco/tiles/me_basemesh_hope/cracks/cracks_1_1_1_1_1_1_0_1/model/m.mdl
deco/tiles/me_basemesh_hope/cracks/cracks_1_0_0_1_1_0_0_1/model/m.mdl
deco/tiles/me_basemesh_hope/cracks/cracks_0_1_0_1_1_0_0_1a/model/m.mdl
deco/tiles/me_basemesh_hope/cracks/cracks_0_1_0_1_1_0_0_1/model/m.mdl
deco/tiles/me_basemesh_hope/cracks/cracks_1_1_1_1_1_0_0_1/model/m.mdl
deco/tiles/me_basemesh_hope/cracks/cracks_1_1_1_1_1_1_0_1a/model/m.mdl
deco/tiles/me_basemesh_hope/cracks/cracks_1_1_0_0_0_1_0_0/model/m.mdl
deco/tiles/me_basemesh_hope/ground/tile_g_0_0_0_0/model/m.mdl
deco/tiles/me_basemesh_hope/cracks/cracks_0_0_1_0_0_0_0_0b/model/m.mdl
deco/tiles/me_basemesh_hope/cracks/cracks_1_1_0_0_0_1_0_0a/model/m.mdl
deco/tiles/me_basemesh_hope/ground/tile_0_0_0_128/model/m.mdl
deco/tiles/me_basemesh_hope/ground/tile_g_1_1_1_0/model/m.mdl
deco/tiles/me_basemesh_hope/ground/tile_0_0_128_128/model/m.mdl
deco/tiles/me_basemesh_hope/ground/tile_g_1_1_0_0_d/model/m.mdl
deco/tiles/me_basemesh_hope/ground/tile_0_0_256_128/model/m.mdl
deco/tiles/me_basemesh_hope/ground/tile_g_1_1_0_0_a/model/m.mdl
deco/tiles/me_basemesh_hope/ground/tile_0_0_256_256/model/m.mdl
deco/tiles/me_basemesh_hope/ground/tile_g_1_1_0_0_f/model/m.mdl
deco/tiles/me_basemesh_hope/ground/tile_256_0_128_512/model/m.mdl
deco/tiles/me_basemesh_hope/ground/tile_g_0_1_0_0/model/m.mdl
deco/tiles/me_basemesh_hope/ground/tile_0_0_384_384_a/model/m.mdl
deco/tiles/me_basemesh_hope/ground/tile_g_1_1_0_0_e/model/m.mdl
deco/tiles/me_basemesh_hope/ground/tile_128_0_384_512/model/m.mdl
deco/tiles/me_basemesh_hope/ground/tile_384_0_128_512/model/m.mdl
deco/tiles/me_basemesh_hope/ground/tile_128_0_128_512/model/m.mdl
deco/tiles/me_basemesh_hope/ground/tile_0_0_384_384/model/m.mdl
deco/tiles/me_basemesh_hope/ground/tile_0_256_512_384/model/m.mdl
deco/tiles/me_basemesh_hope/ground/tile_128_0_384_384/model/m.mdl
deco/tiles/me_basemesh_hope/ground/tile_384_0_384_768/model/m.mdl
deco/tiles/me_basemesh_hope/ground/tile_0_0_0_256/model/m.mdl
deco/tiles/me_basemesh_hope/ground/tile_384_0_384_384/model/m.mdl
deco/tiles/me_basemesh_hope/ground/tile_0_0_128_128_a/model/m.mdl
deco/tiles/me_basemesh_hope/ground/tile_g_1_1_0_0_b/model/m.mdl
deco/tiles/me_basemesh_hope/ground/tile_0_256_384_384/model/m.mdl
deco/tiles/me_basemesh_hope/cracks/cracks_1_1_1_1_0_1_0_1/model/m.mdl
deco/tiles/me_basemesh_hope/cracks/cracks_1_1_1_1_1_0_0_1a/model/m.mdl
deco/tiles/me_basemesh_hope/ground/tile_0_0_256_0/model/m.mdl
deco/tiles/me_basemesh_hope/ground/tile_256_0_256_256/model/m.mdl
deco/tiles/me_basemesh_hope/ground/tile_0_0_256_256_a/model/m.mdl
deco/tiles/me_basemesh_hope/ground/tile_g_1_1_0_0_c/model/m.mdl
deco/tiles/me_basemesh_hope/ground/tile_0_0_256_384/model/m.mdl
deco/tiles/me_basemesh_hope/ground/tile_256_0_384_512/model/m.mdl
deco/tiles/me_basemesh_hope/ground/tile_128_0_256_256/model/m.mdl
deco/tiles/me_basemesh_hope/ground/tile_0_0_128_256/model/m.mdl
deco/tiles/me_basemesh_hope/ground/tile_128_0_128_128/model/m.mdl
deco/tiles/me_basemesh_hope/cracks/cracks_0_0_0_0_0_0_1_0/model/m.mdl
deco/tiles/me_basemesh_hope/cracks/cracks_0_0_1_0_0_0_0_0/model/m.mdl
deco/tiles/me_basemesh_hope/cracks/cracks_0_0_1_0_0_0_0_0a/model/m.mdl
deco/tiles/me_basemesh_hope/ground/tile_0_128_384_384/model/m.mdl
deco/tiles/me_basemesh_hope/ground/tile_384_0_384_512/model/m.mdl
deco/dungeon/plant/sm_dg_guanmu_05_03/model/m.mdl
deco/dungeon/plant/sm_dg_guanmu_01_02/model/m.mdl
deco/dungeon/plant/sm_dg_guanmu_05_04/model/m.mdl
deco/tiles/me_basemesh_hope/cracks/cracks_1_1_1_0_0_0_0_0b/model/m.mdl
deco/tiles/me_basemesh_hope/ground/tile_0_0_384_256_a/model/m.mdl
deco/tiles/me_basemesh_hope/ground/tile_384_0_256_640/model/m.mdl
deco/dungeon/plant/sm_dg_guanmu_05_07/model/m.mdl
deco/chinoiserie/sm_ch_littlestone_e/model/m.mdl
deco/tiles/me_basemesh_hope/ground/tile_256_0_256_640/model/m.mdl
deco/chinoiserie/sm_ch_littlestone_c/model/m.mdl
deco/dungeon/plant/sm_dg_guanmu_02_01/model/m.mdl
deco/chinoiserie/sm_ch_littlestone_d/model/m.mdl
deco/dungeon/plant/sm_dg_xiaozhiwu_06_01/model/m.mdl
deco/dungeon/plant/sm_dg_xiaozhiwu_06_03/model/m.mdl
deco/rainforest/sm_wudumilin_pashanhu_03_01/model/m.mdl
deco/rainforest/sm_wudumilin_pashanhu_05_01/model/m.mdl
deco/dungeon/plant/sm_dg_xiaozhiwu_06_02/model/m.mdl
deco/rainforest/sm_wudumilin_pashanhu_01_01/model/m.mdl
deco/rainforest/sm_wudumilin_pashanhu_02_01/model/m.mdl
deco/dungeon/plant/sm_dg_xiaozhiwu_06_04/model/m.mdl
deco/rainforest/sm_wudumilin_xiaozhiwu_07_01/model/m.mdl
deco/rainforest/sm_wudumilin_mogu_04_01/model/m.mdl
deco/field/sm_candle_a/model/m.mdl
deco/field/sm_candle_b/model/m.mdl
deco/field/sm_candle_f/model/m.mdl
deco/rainforest/sm_wudumilin_pashanhu_04_01/model/m.mdl
deco/tiles/me_basemesh_hope/ground/tile_0_0_0_384/model/m.mdl
deco/dungeon/plant/sm_dg_guanmu_05_08/model/m.mdl
deco/tiles/me_basemesh_hope/ground/tile_0_256_256_384/model/m.mdl
deco/chinoiserie/sm_ch_littlestone_a/model/m.mdl
deco/tiles/me_basemesh_hope/ground/tile_0_128_256_256/model/m.mdl
deco/tiles/me_basemesh_hope/path/path_0_0_0_128_1_1_1_1/model/m.mdl
deco/tiles/me_basemesh_hope/path/path_0_0_128_128_1_1_1_1/model/m.mdl
deco/rainforest/sm_wudumilin_mogu_02_01/model/m.mdl
deco/tiles/me_basemesh_hope/path/path_128_0_128_128_1_1_1_1/model/m.mdl
deco/tiles/me_basemesh_hope/path/path_128_0_128_256_0_1_0_0/model/m.mdl
deco/tiles/me_basemesh_hope/path/path_128_0_128_128_1_0_0_0/model/m.mdl
deco/tiles/me_basemesh_hope/path/path_0_0_128_128_1_0_1_1/model/m.mdl
deco/tiles/me_basemesh_hope/path/path_0_0_128_128_0_0_0_1/model/m.mdl
deco/dungeon/sm_huopen_a/model/m.mdl
deco/rainforest/sm_wudumilin_mogu_03_01/model/m.mdl
deco/tiles/me_basemesh_hope/path/path_128_0_128_128_0_1_1_0/model/m.mdl
deco/tiles/me_basemesh_hope/path/path_0_0_0_128_0_0_0_1/model/m.mdl
deco/tiles/me_basemesh_hope/ground/tile_128_0_128_256/model/m.mdl
deco/tiles/me_basemesh_hope/ground/tile_0_128_128_384/model/m.mdl
deco/tiles/me_basemesh_hope/ground/tile_0_0_384_128/model/m.mdl
deco/tiles/me_basemesh_hope/ground/tile_128_0_256_512/model/m.mdl
deco/chinoiserie/sm_ch_littlestone_b/model/m.mdl
deco/tiles/me_basemesh_hope/ground/tile_256_0_384_256/model/m.mdl
deco/tiles/me_basemesh_hope/ground/tile_256_0_384_384/model/m.mdl
deco/common/sm_beifangshandi_songshu_01_01/model/m.mdl
deco/common/sm_beifangshandi_songshu_02_01/model/m.mdl
deco/dungeon/plant/sm_dg_songshu_06_01/model/m.mdl
deco/rainforest/sm_wudumilin_yezishu_02_01/model/m.mdl
deco/rainforest/sm_wudumilin_yezishu_03_01/model/m.mdl
deco/rainforest/sm_wudumilin_yezishu_01_01/model/m.mdl
deco/dungeon/plant/sm_dg_songshu_04_01/model/m.mdl
deco/dungeon/plant/sm_dg_songshu_07_01/model/m.mdl
deco/rainforest/sm_wudumilin_shu_01_01/model/m.mdl
deco/rainforest/sm_wudumilin_shu_01_02/model/m.mdl
deco/rainforest/sm_wudumilin_xiaoshitou_01_01/model/m.mdl
deco/common/sm_beifangshandi_xiaozhiwu_03_01/model/m.mdl
deco/common/sm_beifangshandi_xiaozhiwu_03_02/model/m.mdl
deco/rainforest/sm_wudumilin_xiaozhiwu_06_01/model/m.mdl
deco/dungeon/plant/sm_dg_guanmu_02_03/model/m.mdl
deco/dungeon/plant/sm_dg_guanmu_02_02/model/m.mdl
deco/dungeon/plant/sm_dg_songshu_02_01/model/m.mdl
deco/decal/common_decal_rutted_a/model/m.mdl
deco/lp/plant/sm_gerneric_grass_patch_01/model/m.mdl
deco/decal/decal_dg_grass_c01/model/m.mdl
deco/zhuangshiwu/plants_22b/model/m.mdl
deco/rainforest/sm_wudumilin_hua_04_02/model/m.mdl
deco/rainforest/sm_wudumilin_pingzicao_01_01/model/m.mdl
deco/rainforest/sm_wudumilin_pingzicao_02_01/model/m.mdl
deco/rainforest/sm_wudumilin_pingzicao_05_01/model/m.mdl
deco/lp/plant/sm_gerneric_grass_patch_02/model/m.mdl
deco/lp/plant/sm_gerneric_grass_patch_03/model/m.mdl
deco/lp/plant/sm_lp_flowers_01/model/m.mdl
deco/field/grassandflower/sm_flower_a01/model/m.mdl
deco/rainforest/sm_wudumilin_hua_03_01/model/m.mdl
deco/rainforest/sm_wudumilin_hua_02_01/model/m.mdl
deco/field/grassandflower/sm_field_flower_b/model/m.mdl
deco/field/grassandflower/sm_field_flower_a/model/m.mdl
deco/field/grassandflower/sm_field_flower_c/model/m.mdl
deco/stylized_landscape/sm_flower_b/model/m.mdl
deco/stylized_landscape/sm_flower_c/model/m.mdl
deco/rainforest/sm_wudumilin_kumuposui_02_01/model/m.mdl
deco/ds/sm_ds_woodencontainer_a/model/m.mdl
deco/chinoiserie/sm_tilewood_g/model/m.mdl
deco/chinoiserie/sm_tilewood_i/model/m.mdl
deco/ds/sm_ds_palisadespike_a/model/m.mdl
deco/ds/sm_ds_palisadespike_c/model/m.mdl
deco/ds/sm_ds_palisadespike_b/model/m.mdl
deco/chinoiserie/sm_ch_rope_03_a/model/m.mdl
deco/chinoiserie/sm_ch_rope_05_a/model/m.mdl
deco/chinoiserie/sm_tilewood_l/model/m.mdl
deco/ds/sm_ds_palisadespike_d/model/m.mdl
deco/chinoiserie/sm_tilewood_k/model/m.mdl
deco/ds/sm_ds_haypile_a02/model/m.mdl
deco/ndg/sm_ndg_bricks_09/model/m.mdl
deco/ds/plant/sm_ds_grass_a/model/m.mdl
deco/ds/plant/sm_ds_grass_b/model/m.mdl
deco/ds/plant/sm_ds_grass_c/model/m.mdl
deco/ndg/sm_ndg_bricks_01/model/m.mdl
deco/ts/sm_ts_container_a/model/m.mdl
deco/chinoiserie/sm_ch_box_01/model/m.mdl
deco/ds/sm_ds_haypile_a03/model/m.mdl
deco/ds/sm_ds_woodenchest_a/model/m.mdl
deco/ds/sm_ds_woodencarts_a/model/m.mdl
deco/ds/sm_ds_roundhaybale_a/model/m.mdl
deco/ds/sm_ds_haypile_a/model/m.mdl
deco/ds/sm_ds_campfire_b/model/m.mdl
deco/ds/plant/sm_ds_grass_o01/model/m.mdl
deco/field/sm_candle_c/model/m.mdl
deco/chinoiserie/sm_ch_ludeng_a/model/m.mdl
deco/chinoiserie/sm_ch_stones_03/model/m.mdl
deco/rainforest/sm_wudumilin_guanmu_01_01/model/m.mdl
deco/rainforest/sm_wudumilin_guanmu_01_02/model/m.mdl
deco/chinoiserie/plant/sm_beifangshandi_shu_05_03/model/m.mdl
deco/chinoiserie/sm_ch_stones_05/model/m.mdl
deco/ndg/sm_ndg_skeleton_a/model/m.mdl
deco/ndg/sm_ndg_skeleton_h/model/m.mdl
deco/ndg/sm_ndg_skeleton_l/model/m.mdl
deco/ndg/sm_ndg_skeleton_i/model/m.mdl
deco/ndg/sm_ndg_skeleton_p/model/m.mdl
deco/ds/sm_ds_branch_c/model/m.mdl
deco/ndg/sm_ndg_skeleton_m/model/m.mdl
deco/ndg/sm_ndg_skeleton_d/model/m.mdl
deco/ndg/sm_ndg_skeleton_e/model/m.mdl
deco/ndg/sm_ndg_skeleton_g/model/m.mdl
deco/ndg/sm_ndg_skeleton_n/model/m.mdl
deco/ds/sm_ds_brazier_c/model/m.mdl
deco/chinoiserie/plant/sm_ch_tree_c01/model/m.mdl
deco/common/sm_beifangshandi_shugen_02_01/model/m.mdl
deco/chinoiserie/sm_ch_shuijin_a/model/m.mdl
deco/chinoiserie/sm_ch_barrel_01/model/m.mdl
deco/common/sm_beifangshandi_guanmu_02_01/model/m.mdl
deco/handpaintedvol2_campsite/sm_tent_03/model/m.mdl
deco/handpaintedvol2_campsite/sm_campsite_firewood_02_base/model/m.mdl
deco/handpaintedvol2_campsite/sm_campfire_rocks/model/m.mdl
deco/handpaintedvol2_campsite/sm_backpack_02_base/model/m.mdl
deco/handpaintedvol2_campsite/sm_stick_02/model/m.mdl
deco/handpaintedvol2_campsite/sm_stick_01/model/m.mdl
deco/handpaintedvol2_campsite/sm_stick_03/model/m.mdl
deco/handpaintedvol2_campsite/sm_roastchicken_01/model/m.mdl
deco/handpaintedvol2_campsite/sm_pot_hook/model/m.mdl
deco/handpaintedvol2_campsite/sm_pot_01/model/m.mdl
deco/handpaintedvol2_campsite/sm_pan_01/model/m.mdl
deco/handpaintedvol2_campsite/sm_roastham_01/model/m.mdl
deco/handpaintedvol2_campsite/sm_pot_03/model/m.mdl
deco/handpaintedvol2_campsite/sm_jar_01/model/m.mdl
deco/handpaintedvol2_campsite/sm_bench_01/model/m.mdl
deco/handpaintedvol2_campsite/sm_sackclosed_01/model/m.mdl
deco/handpaintedvol2_campsite/sm_sleepingbag_04/model/m.mdl
deco/handpaintedvol2_campsite/sm_sleepingbag_03/model/m.mdl
deco/ds/sm_ds_claypots_l/model/m.mdl
deco/ds/sm_ds_claypots_j/model/m.mdl
deco/ds/sm_ds_claypots_k/model/m.mdl
deco/ds/sm_ds_jutejug_a/model/m.mdl
deco/ds/sm_ds_woodenwheelbarrow_a/model/m.mdl
deco/ds/sm_ds_cordage_c/model/m.mdl
deco/ds/sm_ds_bone_03/model/m.mdl
deco/ndg/sm_ndg_bricks_02/model/m.mdl
deco/ndg/sm_ndg_bricks_05/model/m.mdl
deco/chinoiserie/sm_ch_stone_07/model/m.mdl
deco/chinoiserie/sm_dh_diaolou_b/model/m.mdl
deco/ndg/sm_ndg_chains_a/model/m.mdl
deco/ds/plant/sm_ds_tree_d/model/m.mdl
deco/ds/plant/sm_ds_tree_f/model/m.mdl
deco/ds/sm_ds_stone_o/model/m.mdl
deco/ds/plant/sm_ds_tree_e/model/m.mdl
deco/ndg/sm_ndg_bricks_08/model/m.mdl
deco/ds/plant/sm_ds_grass_m05/model/m.mdl
deco/ds/plant/sm_ds_grass_o03/model/m.mdl
deco/ds/plant/sm_ds_grass_o05/model/m.mdl
deco/chinoiserie/sm_ch_stone_lantern_c/model/m.mdl
deco/field/sm_streetlight_a/model/m.mdl
deco/field/sm_mutong/model/m.mdl
deco/lp/sm_lp_featurewall_wood_01/model/m.mdl
deco/ds/sm_ds_portals_a/model/m.mdl
deco/ds/sm_rock_07/model/m.mdl
deco/decal/decal_ds_m05/model/m.mdl
deco/decal/decal_ds_m02/model/m.mdl
deco/decal/decal_ds_m03/model/m.mdl
deco/decal/common_decal_rutted_h/model/m.mdl
deco/field/grassandflower/sm_grass_02/model/m.mdl
deco/field/grassandflower/sm_grass_02a/model/m.mdl
deco/field/grassandflower/sm_grass_02b/model/m.mdl
editor/model/box.mdl
deco/tiles/me_basemesh_chinoiserie/cracks/sm_ch_xuanya_b/model/m.mdl
deco/tiles/me_basemesh_chinoiserie/plane/tile_g_0_1_0_0/model/m.mdl
deco/tiles/me_basemesh_chinoiserie/cracks/sm_ch_xuanya_a/model/m.mdl
deco/tiles/me_basemesh_chinoiserie/plane/tile_g_1_1_0_0/model/m.mdl
deco/tiles/me_basemesh_chinoiserie/plane/tile_g_0_0_0_0/model/m.mdl
deco/tiles/me_basemesh_dg/plane/tile_g_0_0_0_0/model/m.mdl
deco/tiles/me_basemesh_dg/cracks/sm_xuanya_c/model/m.mdl
deco/tiles/me_basemesh_dg/cracks/sm_xuanya_prop02/model/m.mdl
deco/tiles/me_basemesh_dg/plane/tile_g_1_1_1_0_b/model/m.mdl
deco/tiles/me_basemesh_chinoiserie/cracks/sm_ch_xuanya_c/model/m.mdl
deco/tiles/me_basemesh_chinoiserie/plane/tile_g_1_1_1_0_b/model/m.mdl
deco/tiles/me_basemesh_dg/plane/tile_g_1_1_0_0/model/m.mdl
deco/tiles/me_basemesh_dg/cracks/sm_xuanya_a003/model/m.mdl
deco/tiles/me_basemesh_dg/cracks/sm_xuanya_prop01/model/m.mdl
deco/tiles/me_basemesh_dg/cracks/sm_xuanya_a/model/m.mdl
deco/tiles/me_basemesh_dg/cracks/sm_xuanya_b/model/m.mdl
deco/tiles/me_basemesh_dg/cracks/sm_xuanya_prop03/model/m.mdl
deco/tiles/me_basemesh_dg/cracks/sm_xuanya_prop05/model/m.mdl
deco/tiles/me_basemesh_dg/plane/tile_g_0_1_0_0/model/m.mdl
deco/tiles/me_basemesh_dg/cracks/sm_xuanya_a002/model/m.mdl
deco/dungeon/sm_waguan_e/model/m.mdl
deco/dungeon/sm_waguan_f/model/m.mdl
deco/dungeon/sm_waguan_c/model/m.mdl
deco/dungeon/sm_waguan_h/model/m.mdl
deco/ds/sm_ds_stone_e/model/m.mdl
deco/decal/decal_dg_big_f/model/m.mdl
deco/tiles/me_basemesh_dg/decal/sm_dg_fushou_12_2/model/m.mdl
deco/tiles/me_basemesh_dg/decal/sm_dg_fushou_12/model/m.mdl
deco/tiles/me_basemesh_dg/decal/sm_dg_stairs_stones_a01/model/m.mdl
deco/tiles/me_basemesh_dg/decal/sm_dg_stairs_stones_c03/model/m.mdl
deco/tiles/me_basemesh_dg/decal/sm_dg_stairs_stones_a02/model/m.mdl
deco/tiles/me_basemesh_dg/decal/sm_dg_stairs_stones_a03/model/m.mdl
deco/tiles/me_basemesh_dg/decal/sm_dg_stairs_stones_c01/model/m.mdl
deco/tiles/me_basemesh_dg/decal/sm_dg_stairs_stones_b01/model/m.mdl
deco/tiles/me_basemesh_dg/decal/sm_dg_stairs_stones_b03/model/m.mdl
deco/tiles/me_basemesh_dg/decal/sm_dg_stairs_stones_c02/model/m.mdl
deco/ds/column_low_part_02/model/m.mdl
deco/ds/column_low_01/model/m.mdl
deco/ds/damaged_railing_05/model/m.mdl
deco/ds/damaged_railing_03/model/m.mdl
deco/ds/damaged_railing_01/model/m.mdl
deco/ds/damaged_wall_right_02/model/m.mdl
deco/ds/damaged_wall_preset_04/model/m.mdl
deco/ds/damaged_railing_pillar_02/model/m.mdl
deco/ds/damaged_wall_left_02/model/m.mdl
deco/ds/damaged_column_03/model/m.mdl
deco/ds/damaged_wall_right_01/model/m.mdl
deco/ds/damaged_column_05/model/m.mdl
deco/stylized_landscape/sm_ruins_27/model/m.mdl
deco/ds/base_01/model/m.mdl
deco/ds/column_low_special_01/model/m.mdl
deco/ds/wall_arch_10/model/m.mdl
deco/building/sm_floor_01/model/m.mdl
deco/ds/arch_alley_corner_01/model/m.mdl
deco/ds/arch_alley_02/model/m.mdl
deco/building/base_01/model/m.mdl
deco/building/stair_thin_01/model/m.mdl
deco/lp/sm_lp_floor_carpet_01/model/m.mdl
deco/ds/damaged_arch_alley_corner_02/model/m.mdl
deco/ds/damaged_arch_alley_04/model/m.mdl
deco/building/sm_bangladesh_demon_01/model/m.mdl
deco/ds/column_07/model/m.mdl
deco/chinoiserie/sm_ch_wall_d/model/m.mdl
deco/lp/sm_lp_fitment_macadam_02/model/m.mdl
deco/chinoiserie/sm_ch_statue_h/model/m.mdl
deco/statue/sm_gd_statue_a04/model/m.mdl
deco/statue/sm_gd_statue_a02/model/m.mdl
deco/stylized_landscape/sm_ruins_26/model/m.mdl
deco/stylized_landscape/sm_ruins_31/model/m.mdl
deco/ds/damaged_column_02/model/m.mdl
deco/dungeon/sm_zhuzi_h/model/m.mdl
deco/ds/railing_pillar_01/model/m.mdl
deco/ds/railing_half_01/model/m.mdl
deco/ds/railing_02/model/m.mdl
deco/ds/damaged_railing_06/model/m.mdl
deco/decal/decal_gf_e/model/m.mdl
deco/ds/arch_door_01/model/m.mdl
deco/ds/wall_corner_01/model/m.mdl
deco/building/sm_fortress_tower_01/model/m.mdl
deco/ds/column_low_02/model/m.mdl
deco/ndg/sm_ndg_statue_lhfs_a/model/m.mdl
deco/decal/decal_dg_big_e02/model/m.mdl
deco/ds/plant/sm_ds_grass_s/model/m.mdl
deco/ds/plant/sm_ds_grass_s02/model/m.mdl
deco/ds/wall_bottom_decor_02/model/m.mdl
deco/chinoiserie/sm_ch_stones_04/model/m.mdl
deco/building/sm_border_04/model/m.mdl
deco/common/sm_beifangshandi_shitou_13_01/model/m.mdl
deco/decal/decal_dg_stone_a/model/m.mdl
deco/ds/arch_door_04/model/m.mdl
deco/ds/sm_ds_stone_f/model/m.mdl
deco/ds/sm_ds_stone_g/model/m.mdl
deco/ds/sm_ds_stone_h/model/m.mdl
deco/ds/sm_ds_stone_i/model/m.mdl
deco/ndg/sm_ndg_bricks_04/model/m.mdl
deco/ds/sm_ds_cordage_b/model/m.mdl
deco/dungeon/sm_waguan_g/model/m.mdl
deco/ds/plant/sm_ds_tree_b/model/m.mdl
deco/ds/sm_ds_claypots_b/model/m.mdl
deco/ds/sm_ds_claypots_g/model/m.mdl
deco/ds/sm_ds_bone_04/model/m.mdl
deco/ds/sm_ds_bone_01/model/m.mdl
deco/prop/sm_torch_01/model/m.mdl
deco/common/sm_beifangshandi_shitou_04_01/model/m.mdl
deco/common/sm_beifangshandi_shitou_06_01/model/m.mdl
deco/common/sm_beifangshandi_shitou_05_01/model/m.mdl
deco/ds/plant/sm_ds_grass_o02/model/m.mdl
deco/prop/spiderweb04/model/m.mdl
deco/ds/column_02/model/m.mdl
deco/stylized_landscape/sm_ruins_28/model/m.mdl
deco/dungeon/sm_zhuzi_a/model/m.mdl
deco/ds/base_rounded_02/model/m.mdl
deco/ds/sm_ds_stone_b/model/m.mdl
deco/ds/sm_skull_04/model/m.mdl
deco/ds/sm_skull_05/model/m.mdl
deco/ds/damaged_railing_08/model/m.mdl
deco/ds/damaged_railing_07/model/m.mdl
deco/ds/damaged_railing_02/model/m.mdl
deco/stylized_landscape/sm_ruins_14/model/m.mdl
deco/building/sm_wall_ruined_06/model/m.mdl
deco/ds/sm_ds_crystalsr_c01/model/m.mdl
deco/ds/sm_merged_fence_04/model/m.mdl
deco/ds/sm_rocks_struct_04/model/m.mdl
deco/ds/wall_preset_01/model/m.mdl
deco/dungeon/sm_stonedoor_b/model/m.mdl
deco/dungeon/sm_stonedoor_c/model/m.mdl
deco/stylized_landscape/sm_ruins_23/model/m.mdl
deco/stylized_landscape/sm_ruins_16/model/m.mdl
deco/stylized_landscape/sm_ruins_15/model/m.mdl
deco/decal/decal_ds_v/model/m.mdl
effect/eff_reverse/particle/map/ps_lazhuhuoyan_hong_1/particle.effect
effect/eff_reverse/particle/map/ps_huoju_1/particle.effect
effect/effect_new1/effect_scene/eff_huo3/particle.effect
effect/effect_new1/effect_scene/eff_huo4/particle.effect
effect/effect_new/effect_scene/eff_scene_fire_04/particle.effect
effect/effect_new/effect_scene/eff_scene_fire_01/particle.effect
effect/effect_new1/effect_scene/eff_luoye02/particle.effect
effect/eff_reverse/particle/map/ps_gouhuo_1/particle.effect
effect/eff_map/light02/particle.effect
effect/effect_new/effect_scene/eff_scene_hudie_01/particle.effect
effect/eff_reverse/particle/map/ps_yinghuo_lan/particle.effect
effect/eff_reverse/particle/map/ps_yinghuo_huang/particle.effect
